Archive member included to satisfy reference by file (symbol)

C:/Users/ezequ/.pico-sdk/toolchain/13_2_Rel1/bin/../lib/gcc/arm-none-eabi/13.2.1/thumb/v6-m/nofp\libgcc.a(_dvmd_tls.o)
                              CMakeFiles/velocidad.dir/C_/Users/ezequ/.pico-sdk/sdk/2.0.0/src/rp2_common/pico_divider/divider_hardware.S.obj (__aeabi_idiv0)
C:/Users/ezequ/.pico-sdk/toolchain/13_2_Rel1/bin/../lib/gcc/arm-none-eabi/13.2.1/thumb/v6-m/nofp\libg.a(libc_a-calloc.o)
                              CMakeFiles/velocidad.dir/C_/Users/ezequ/.pico-sdk/sdk/2.0.0/src/rp2_common/pico_malloc/malloc.c.obj (calloc)
C:/Users/ezequ/.pico-sdk/toolchain/13_2_Rel1/bin/../lib/gcc/arm-none-eabi/13.2.1/thumb/v6-m/nofp\libg.a(libc_a-callocr.o)
                              C:/Users/ezequ/.pico-sdk/toolchain/13_2_Rel1/bin/../lib/gcc/arm-none-eabi/13.2.1/thumb/v6-m/nofp\libg.a(libc_a-calloc.o) (_calloc_r)
C:/Users/ezequ/.pico-sdk/toolchain/13_2_Rel1/bin/../lib/gcc/arm-none-eabi/13.2.1/thumb/v6-m/nofp\libg.a(libc_a-malloc.o)
                              CMakeFiles/velocidad.dir/C_/Users/ezequ/.pico-sdk/sdk/2.0.0/src/rp2_common/pico_malloc/malloc.c.obj (malloc)
C:/Users/ezequ/.pico-sdk/toolchain/13_2_Rel1/bin/../lib/gcc/arm-none-eabi/13.2.1/thumb/v6-m/nofp\libg.a(libc_a-mallocr.o)
                              C:/Users/ezequ/.pico-sdk/toolchain/13_2_Rel1/bin/../lib/gcc/arm-none-eabi/13.2.1/thumb/v6-m/nofp\libg.a(libc_a-callocr.o) (_malloc_r)
C:/Users/ezequ/.pico-sdk/toolchain/13_2_Rel1/bin/../lib/gcc/arm-none-eabi/13.2.1/thumb/v6-m/nofp\libg.a(libc_a-mlock.o)
                              C:/Users/ezequ/.pico-sdk/toolchain/13_2_Rel1/bin/../lib/gcc/arm-none-eabi/13.2.1/thumb/v6-m/nofp\libg.a(libc_a-mallocr.o) (__malloc_lock)
C:/Users/ezequ/.pico-sdk/toolchain/13_2_Rel1/bin/../lib/gcc/arm-none-eabi/13.2.1/thumb/v6-m/nofp\libg.a(libc_a-realloc.o)
                              CMakeFiles/velocidad.dir/C_/Users/ezequ/.pico-sdk/sdk/2.0.0/src/rp2_common/pico_malloc/malloc.c.obj (realloc)
C:/Users/ezequ/.pico-sdk/toolchain/13_2_Rel1/bin/../lib/gcc/arm-none-eabi/13.2.1/thumb/v6-m/nofp\libg.a(libc_a-reallocr.o)
                              C:/Users/ezequ/.pico-sdk/toolchain/13_2_Rel1/bin/../lib/gcc/arm-none-eabi/13.2.1/thumb/v6-m/nofp\libg.a(libc_a-realloc.o) (_realloc_r)
C:/Users/ezequ/.pico-sdk/toolchain/13_2_Rel1/bin/../lib/gcc/arm-none-eabi/13.2.1/thumb/v6-m/nofp\libg.a(libc_a-memcmp.o)
                              CMakeFiles/velocidad.dir/C_/Users/ezequ/.pico-sdk/sdk/2.0.0/src/rp2_common/pico_atomic/atomic.c.obj (memcmp)
C:/Users/ezequ/.pico-sdk/toolchain/13_2_Rel1/bin/../lib/gcc/arm-none-eabi/13.2.1/thumb/v6-m/nofp\libg.a(libc_a-memmove.o)
                              C:/Users/ezequ/.pico-sdk/toolchain/13_2_Rel1/bin/../lib/gcc/arm-none-eabi/13.2.1/thumb/v6-m/nofp\libg.a(libc_a-reallocr.o) (memmove)
C:/Users/ezequ/.pico-sdk/toolchain/13_2_Rel1/bin/../lib/gcc/arm-none-eabi/13.2.1/thumb/v6-m/nofp\libg.a(libc_a-lcltime_r.o)
                              CMakeFiles/velocidad.dir/C_/Users/ezequ/.pico-sdk/sdk/2.0.0/src/common/pico_util/datetime.c.obj (localtime_r)
C:/Users/ezequ/.pico-sdk/toolchain/13_2_Rel1/bin/../lib/gcc/arm-none-eabi/13.2.1/thumb/v6-m/nofp\libg.a(libc_a-mktime.o)
                              CMakeFiles/velocidad.dir/C_/Users/ezequ/.pico-sdk/sdk/2.0.0/src/common/pico_util/datetime.c.obj (mktime)
C:/Users/ezequ/.pico-sdk/toolchain/13_2_Rel1/bin/../lib/gcc/arm-none-eabi/13.2.1/thumb/v6-m/nofp\libg.a(libc_a-month_lengths.o)
                              C:/Users/ezequ/.pico-sdk/toolchain/13_2_Rel1/bin/../lib/gcc/arm-none-eabi/13.2.1/thumb/v6-m/nofp\libg.a(libc_a-lcltime_r.o) (__month_lengths)
C:/Users/ezequ/.pico-sdk/toolchain/13_2_Rel1/bin/../lib/gcc/arm-none-eabi/13.2.1/thumb/v6-m/nofp\libg.a(libc_a-tzcalc_limits.o)
                              C:/Users/ezequ/.pico-sdk/toolchain/13_2_Rel1/bin/../lib/gcc/arm-none-eabi/13.2.1/thumb/v6-m/nofp\libg.a(libc_a-lcltime_r.o) (__tzcalc_limits)
C:/Users/ezequ/.pico-sdk/toolchain/13_2_Rel1/bin/../lib/gcc/arm-none-eabi/13.2.1/thumb/v6-m/nofp\libg.a(libc_a-tzlock.o)
                              C:/Users/ezequ/.pico-sdk/toolchain/13_2_Rel1/bin/../lib/gcc/arm-none-eabi/13.2.1/thumb/v6-m/nofp\libg.a(libc_a-lcltime_r.o) (__tz_lock)
C:/Users/ezequ/.pico-sdk/toolchain/13_2_Rel1/bin/../lib/gcc/arm-none-eabi/13.2.1/thumb/v6-m/nofp\libg.a(libc_a-tzset.o)
                              C:/Users/ezequ/.pico-sdk/toolchain/13_2_Rel1/bin/../lib/gcc/arm-none-eabi/13.2.1/thumb/v6-m/nofp\libg.a(libc_a-lcltime_r.o) (_tzset_unlocked)
C:/Users/ezequ/.pico-sdk/toolchain/13_2_Rel1/bin/../lib/gcc/arm-none-eabi/13.2.1/thumb/v6-m/nofp\libg.a(libc_a-tzset_r.o)
                              C:/Users/ezequ/.pico-sdk/toolchain/13_2_Rel1/bin/../lib/gcc/arm-none-eabi/13.2.1/thumb/v6-m/nofp\libg.a(libc_a-tzset.o) (_tzset_unlocked_r)
C:/Users/ezequ/.pico-sdk/toolchain/13_2_Rel1/bin/../lib/gcc/arm-none-eabi/13.2.1/thumb/v6-m/nofp\libg.a(libc_a-tzvars.o)
[...]
Memory Configuration

Name             Origin             Length             Attributes
FLASH            0x10000000         0x00200000         xr
RAM              0x20000000         0x00040000         xrw
SCRATCH_X        0x20040000         0x00001000         xrw
SCRATCH_Y        0x20041000         0x00001000         xrw
*default*        0x00000000         0xffffffff

Linker script and memory map

LOAD C:/Users/ezequ/.pico-sdk/toolchain/13_2_Rel1/bin/../lib/gcc/arm-none-eabi/13.2.1/thumb/v6-m/nofp/crti.o
LOAD C:/Users/ezequ/.pico-sdk/toolchain/13_2_Rel1/bin/../lib/gcc/arm-none-eabi/13.2.1/thumb/v6-m/nofp/crtbegin.o
LOAD C:/Users/ezequ/.pico-sdk/toolchain/13_2_Rel1/bin/../lib/gcc/arm-none-eabi/13.2.1/thumb/v6-m/nofp/crt0.o

.flash_begin    0x10000000        0x0
                0x10000000                        __flash_binary_start = .

.boot2          0x10000000      0x100
                0x10000000                        __boot2_start__ = .
 *(.boot2)
 .boot2         0x10000000      0x100 C:\Users\ezequ\AppData\Local\Temp\ccgEN1rD.o
                0x10000100                        __boot2_end__ = .
                0x00000001                        ASSERT (((__boot2_end__ - __boot2_start__) == 0x100), ERROR: Pico second stage bootloader must be 256 bytes in size)

.text           0x10000100     0x6adc
                0x10000100                        __logical_binary_start = .
 *(.vectors)
 .vectors       0x10000100       0xd4 CMakeFiles/velocidad.dir/C_/Users/ezequ/.pico-sdk/sdk/2.0.0/src/rp2_common/pico_crt0/crt0.S.obj
                0x10000100                __VECTOR_TABLE
                0x10000100                __vectors
                0x100001c0                isr_invalid
                0x100001c0                __default_isrs_start
                0x100001c2                isr_nmi
                0x100001c4                isr_hardfault
                0x100001c6                isr_svcall
                0x100001c8                isr_pendsv
                0x100001ca                isr_systick
                0x100001cc                isr_irq23
                0x100001cc                isr_irq18
                0x100001cc                isr_irq11
                0x100001cc                isr_irq28
                0x100001cc                isr_irq19
                0x100001cc                isr_irq0
                0x100001cc                isr_irq6
                0x100001cc                isr_irq5
                0x100001cc                isr_irq12
                0x100001cc                isr_irq22
                0x100001cc                isr_irq31
                0x100001cc                isr_irq17
                0x100001cc                isr_irq27
                0x100001cc                isr_irq30
                0x100001cc                isr_irq2
                0x100001cc                isr_irq10
                0x100001cc                isr_irq8
                0x100001cc                isr_irq24
                0x100001cc                isr_irq1
                0x100001cc                isr_irq7
                0x100001cc                isr_irq21
                0x100001cc                isr_irq20
                0x100001cc                isr_irq15
                0x100001cc                isr_irq25
                0x100001cc                isr_irq13
                0x100001cc                __unhandled_user_irq
                0x100001cc                isr_irq4
                0x100001cc                isr_irq16
                0x100001cc                isr_irq29
                0x100001cc                isr_irq26
                0x100001cc                __default_isrs_end
                0x100001cc                isr_irq3
                0x100001cc                isr_irq14
                0x100001cc                isr_irq9
                0x100001d2                unhandled_user_irq_num_in_r0
 *(.binary_info_header)
 .binary_info_header
                0x100001d4       0x14 CMakeFiles/velocidad.dir/C_/Users/ezequ/.pico-sdk/sdk/2.0.0/src/rp2_common/pico_crt0/crt0.S.obj
                0x100001e8                        __binary_info_header_end = .
 *(.embedded_block)
                0x100001e8                        __embedded_block_end = .
 *(.reset)
 .reset         0x100001e8       0x9c CMakeFiles/velocidad.dir/C_/Users/ezequ/.pico-sdk/sdk/2.0.0/src/rp2_common/pico_crt0/crt0.S.obj
                0x100001e8                _entry_point
 *(.init)
 .init          0x10000284        0x4 C:/Users/ezequ/.pico-sdk/toolchain/13_2_Rel1/bin/../lib/gcc/arm-none-eabi/13.2.1/thumb/v6-m/nofp/crti.o
                0x10000284                _init
 *(EXCLUDE_FILE(*libm.a: *libc.a:*lib_a-mem*.o *libgcc.a:) .text*)
 .text.register_tm_clones
                0x10000288       0x28 C:/Users/ezequ/.pico-sdk/toolchain/13_2_Rel1/bin/../lib/gcc/arm-none-eabi/13.2.1/thumb/v6-m/nofp/crtbegin.o
 .text.frame_dummy
                0x100002b0       0x24 C:/Users/ezequ/.pico-sdk/toolchain/13_2_Rel1/bin/../lib/gcc/arm-none-eabi/13.2.1/thumb/v6-m/nofp/crtbegin.o
 .text.sensor_callback
                0x100002d4       0x10 CMakeFiles/velocidad.dir/velocidad.c.obj
                0x100002d4                sensor_callback
 .text.startup.main
                0x100002e4      0x2e0 CMakeFiles/velocidad.dir/velocidad.c.obj
                0x100002e4                main
 .text.gpio_default_irq_handler
                0x100005c4      0x274 CMakeFiles/velocidad.dir/C_/Users/ezequ/.pico-sdk/sdk/2.0.0/src/rp2_common/hardware_gpio/gpio.c.obj
 .text.gpio_set_function
                0x10000838       0x34 CMakeFiles/velocidad.dir/C_/Users/ezequ/.pico-sdk/sdk/2.0.0/src/rp2_common/hardware_gpio/gpio.c.obj
                0x10000838                gpio_set_function
 .text.gpio_set_pulls
                0x1000086c       0x28 CMakeFiles/velocidad.dir/C_/Users/ezequ/.pico-sdk/sdk/2.0.0/src/rp2_common/hardware_gpio/gpio.c.obj
                0x1000086c                gpio_set_pulls
 .text.gpio_set_irq_enabled_with_callback
                0x10000894       0xd0 CMakeFiles/velocidad.dir/C_/Users/ezequ/.pico-sdk/sdk/2.0.0/src/rp2_common/hardware_gpio/gpio.c.obj
                0x10000894                gpio_set_irq_enabled_with_callback
 .text.gpio_set_input_enabled
                0x10000964       0x28 CMakeFiles/velocidad.dir/C_/Users/ezequ/.pico-sdk/sdk/2.0.0/src/rp2_common/hardware_gpio/gpio.c.obj
                0x10000964                gpio_set_input_enabled
 .text.gpio_init
                0x1000098c       0x40 CMakeFiles/velocidad.dir/C_/Users/ezequ/.pico-sdk/sdk/2.0.0/src/rp2_common/hardware_gpio/gpio.c.obj
                0x1000098c                gpio_init
 .text.rp2040_chip_version
                0x100009cc        0xc CMakeFiles/velocidad.dir/C_/Users/ezequ/.pico-sdk/sdk/2.0.0/src/rp2040/pico_platform/platform.c.obj
                0x100009cc                rp2040_chip_version
 .text.panic    0x100009d8       0x30 CMakeFiles/velocidad.dir/C_/Users/ezequ/.pico-sdk/sdk/2.0.0/src/rp2_common/pico_platform_panic/panic.c.obj
                0x100009d8                panic
 .text.hw_claim_or_assert
                0x10000a08       0x44 CMakeFiles/velocidad.dir/C_/Users/ezequ/.pico-sdk/sdk/2.0.0/src/common/hardware_claim/claim.c.obj
                0x10000a08                hw_claim_or_assert
 .text.hw_claim_unused_from_range
                0x10000a4c       0x9c CMakeFiles/velocidad.dir/C_/Users/ezequ/.pico-sdk/sdk/2.0.0/src/common/hardware_claim/claim.c.obj
                0x10000a4c                hw_claim_unused_from_range
 .text.next_striped_spin_lock_num
                0x10000ae8       0x18 CMakeFiles/velocidad.dir/C_/Users/ezequ/.pico-sdk/sdk/2.0.0/src/rp2_common/hardware_sync/sync.c.obj
                0x10000ae8                next_striped_spin_lock_num
 .text.spin_lock_claim_unused
                0x10000b00       0x24 CMakeFiles/velocidad.dir/C_/Users/ezequ/.pico-sdk/sdk/2.0.0/src/rp2_common/hardware_sync/sync.c.obj
                0x10000b00                spin_lock_claim_unused
 .text.spin_locks_reset
                0x10000b24       0x1c CMakeFiles/velocidad.dir/C_/Users/ezequ/.pico-sdk/sdk/2.0.0/src/rp2_common/hardware_sync_spin_lock/sync_spin_lock.c.obj
                0x10000b24                spin_locks_reset
 .text.runtime_init_per_core_irq_priorities
                0x10000b40       0x24 CMakeFiles/velocidad.dir/C_/Users/ezequ/.pico-sdk/sdk/2.0.0/src/rp2_common/hardware_irq/irq.c.obj
                0x10000b40                runtime_init_per_core_irq_priorities
 .text.irq_set_enabled
                0x10000b64       0x24 CMakeFiles/velocidad.dir/C_/Users/ezequ/.pico-sdk/sdk/2.0.0/src/rp2_common/hardware_irq/irq.c.obj
                0x10000b64                irq_set_enabled
 .text.irq_is_enabled
                0x10000b88       0x18 CMakeFiles/velocidad.dir/C_/Users/ezequ/.pico-sdk/sdk/2.0.0/src/rp2_common/hardware_irq/irq.c.obj
                0x10000b88                irq_is_enabled
 .text.irq_set_pending
                0x10000ba0       0x10 CMakeFiles/velocidad.dir/C_/Users/ezequ/.pico-sdk/sdk/2.0.0/src/rp2_common/hardware_irq/irq.c.obj
                0x10000ba0                irq_set_pending
 .text.irq_has_shared_handler
                0x10000bb0       0x2c CMakeFiles/velocidad.dir/C_/Users/ezequ/.pico-sdk/sdk/2.0.0/src/rp2_common/hardware_irq/irq.c.obj
                0x10000bb0                irq_has_shared_handler
 .text.irq_set_exclusive_handler
                0x10000bdc       0x54 CMakeFiles/velocidad.dir/C_/Users/ezequ/.pico-sdk/sdk/2.0.0/src/rp2_common/hardware_irq/irq.c.obj
                0x10000bdc                irq_set_exclusive_handler
 .text.irq_add_shared_handler
                0x10000c30      0x1f4 CMakeFiles/velocidad.dir/C_/Users/ezequ/.pico-sdk/sdk/2.0.0/src/rp2_common/hardware_irq/irq.c.obj
                0x10000c30                irq_add_shared_handler
 .text.irq_remove_handler
                0x10000e24      0x1d4 CMakeFiles/velocidad.dir/C_/Users/ezequ/.pico-sdk/sdk/2.0.0/src/rp2_common/hardware_irq/irq.c.obj
                0x10000e24                irq_remove_handler
 .text.irq_add_tail_to_free_list
                0x10000ff8       0xb4 CMakeFiles/velocidad.dir/C_/Users/ezequ/.pico-sdk/sdk/2.0.0/src/rp2_common/hardware_irq/irq.c.obj
                0x10000ff8                irq_add_tail_to_free_list
 .text.user_irq_claim_unused
                0x100010ac       0x2c CMakeFiles/velocidad.dir/C_/Users/ezequ/.pico-sdk/sdk/2.0.0/src/rp2_common/hardware_irq/irq.c.obj
                0x100010ac                user_irq_claim_unused
 .text.lock_init
                0x100010d8       0x10 CMakeFiles/velocidad.dir/C_/Users/ezequ/.pico-sdk/sdk/2.0.0/src/common/pico_sync/lock_core.c.obj
                0x100010d8                lock_init
 .text.runtime_init_mutex
                0x100010e8       0x50 CMakeFiles/velocidad.dir/C_/Users/ezequ/.pico-sdk/sdk/2.0.0/src/common/pico_sync/mutex.c.obj
                0x100010e8                runtime_init_mutex
 .text.mutex_init
                0x10001138       0x1c CMakeFiles/velocidad.dir/C_/Users/ezequ/.pico-sdk/sdk/2.0.0/src/common/pico_sync/mutex.c.obj
                0x10001138                mutex_init
 .text.critical_section_init
                0x10001154       0x1c CMakeFiles/velocidad.dir/C_/Users/ezequ/.pico-sdk/sdk/2.0.0/src/common/pico_sync/critical_section.c.obj
                0x10001154                critical_section_init
 .text.critical_section_init_with_lock_num
                0x10001170       0x14 CMakeFiles/velocidad.dir/C_/Users/ezequ/.pico-sdk/sdk/2.0.0/src/common/pico_sync/critical_section.c.obj
                0x10001170                critical_section_init_with_lock_num
 .text.sleep_until_callback
                0x10001184       0x30 CMakeFiles/velocidad.dir/C_/Users/ezequ/.pico-sdk/sdk/2.0.0/src/common/pico_time/time.c.obj
 .text.alarm_pool_irq_handler
                0x100011b4      0x2e4 CMakeFiles/velocidad.dir/C_/Users/ezequ/.pico-sdk/sdk/2.0.0/src/common/pico_time/time.c.obj
 .text.runtime_init_default_alarm_pool
                0x10001498       0xdc CMakeFiles/velocidad.dir/C_/Users/ezequ/.pico-sdk/sdk/2.0.0/src/common/pico_time/time.c.obj
                0x10001498                runtime_init_default_alarm_pool
 .text.alarm_pool_get_default
                0x10001574        0x8 CMakeFiles/velocidad.dir/C_/Users/ezequ/.pico-sdk/sdk/2.0.0/src/common/pico_time/time.c.obj
                0x10001574                alarm_pool_get_default
 .text.alarm_pool_add_alarm_at
                0x1000157c       0xd4 CMakeFiles/velocidad.dir/C_/Users/ezequ/.pico-sdk/sdk/2.0.0/src/common/pico_time/time.c.obj
                0x1000157c                alarm_pool_add_alarm_at
 .text.alarm_pool_add_alarm_at_force_in_context
                0x10001650       0xb0 CMakeFiles/velocidad.dir/C_/Users/ezequ/.pico-sdk/sdk/2.0.0/src/common/pico_time/time.c.obj
                0x10001650                alarm_pool_add_alarm_at_force_in_context
 .text.alarm_pool_cancel_alarm
                0x10001700       0x74 CMakeFiles/velocidad.dir/C_/Users/ezequ/.pico-sdk/sdk/2.0.0/src/common/pico_time/time.c.obj
                0x10001700                alarm_pool_cancel_alarm
 .text.alarm_pool_core_num
                0x10001774        0x4 CMakeFiles/velocidad.dir/C_/Users/ezequ/.pico-sdk/sdk/2.0.0/src/common/pico_time/time.c.obj
                0x10001774                alarm_pool_core_num
 .text.sleep_until
                0x10001778       0xd8 CMakeFiles/velocidad.dir/C_/Users/ezequ/.pico-sdk/sdk/2.0.0/src/common/pico_time/time.c.obj
                0x10001778                sleep_until
 .text.sleep_ms
                0x10001850       0x38 CMakeFiles/velocidad.dir/C_/Users/ezequ/.pico-sdk/sdk/2.0.0/src/common/pico_time/time.c.obj
                0x10001850                sleep_ms
 .text.best_effort_wfe_or_timeout
                0x10001888      0x134 CMakeFiles/velocidad.dir/C_/Users/ezequ/.pico-sdk/sdk/2.0.0/src/common/pico_time/time.c.obj
                0x10001888                best_effort_wfe_or_timeout
 .text.timer_hardware_alarm_claim
                0x100019bc       0x14 CMakeFiles/velocidad.dir/C_/Users/ezequ/.pico-sdk/sdk/2.0.0/src/rp2_common/hardware_timer/timer.c.obj
                0x100019bc                timer_hardware_alarm_claim
 .text.timer_time_us_64
                0x100019d0       0x10 CMakeFiles/velocidad.dir/C_/Users/ezequ/.pico-sdk/sdk/2.0.0/src/rp2_common/hardware_timer/timer.c.obj
                0x100019d0                timer_time_us_64
 .text.time_us_64
                0x100019e0       0x14 CMakeFiles/velocidad.dir/C_/Users/ezequ/.pico-sdk/sdk/2.0.0/src/rp2_common/hardware_timer/timer.c.obj
                0x100019e0                time_us_64
 .text.busy_wait_until
                0x100019f4       0x20 CMakeFiles/velocidad.dir/C_/Users/ezequ/.pico-sdk/sdk/2.0.0/src/rp2_common/hardware_timer/timer.c.obj
                0x100019f4                busy_wait_until
 .text.clock_configure_int_divider
                0x10001a14       0xf4 CMakeFiles/velocidad.dir/C_/Users/ezequ/.pico-sdk/sdk/2.0.0/src/rp2_common/hardware_clocks/clocks.c.obj
                0x10001a14                clock_configure_int_divider
 .text.clock_configure_undivided
                0x10001b08       0xe8 CMakeFiles/velocidad.dir/C_/Users/ezequ/.pico-sdk/sdk/2.0.0/src/rp2_common/hardware_clocks/clocks.c.obj
                0x10001b08                clock_configure_undivided
 .text.clock_get_hz
                0x10001bf0        0xc CMakeFiles/velocidad.dir/C_/Users/ezequ/.pico-sdk/sdk/2.0.0/src/rp2_common/hardware_clocks/clocks.c.obj
                0x10001bf0                clock_get_hz
 .text.pll_init
                0x10001bfc       0xa4 CMakeFiles/velocidad.dir/C_/Users/ezequ/.pico-sdk/sdk/2.0.0/src/rp2_common/hardware_pll/pll.c.obj
                0x10001bfc                pll_init
 .text.watchdog_reboot
                0x10001ca0       0x9c CMakeFiles/velocidad.dir/C_/Users/ezequ/.pico-sdk/sdk/2.0.0/src/rp2_common/hardware_watchdog/watchdog.c.obj
                0x10001ca0                watchdog_reboot
 .text.tick_start
                0x10001d3c       0x10 CMakeFiles/velocidad.dir/C_/Users/ezequ/.pico-sdk/sdk/2.0.0/src/rp2_common/hardware_ticks/ticks.c.obj
                0x10001d3c                tick_start
 .text.xosc_init
                0x10001d4c       0x28 CMakeFiles/velocidad.dir/C_/Users/ezequ/.pico-sdk/sdk/2.0.0/src/rp2_common/hardware_xosc/xosc.c.obj
                0x10001d4c                xosc_init
 .text.first_per_core_initializer
                0x10001d74        0x4 CMakeFiles/velocidad.dir/C_/Users/ezequ/.pico-sdk/sdk/2.0.0/src/rp2_common/pico_runtime/runtime.c.obj
 .text.hard_assertion_failure
                0x10001d78        0xc CMakeFiles/velocidad.dir/C_/Users/ezequ/.pico-sdk/sdk/2.0.0/src/rp2_common/pico_runtime/runtime.c.obj
                0x10001d78                hard_assertion_failure
 .text.runtime_run_initializers
                0x10001d84       0x28 CMakeFiles/velocidad.dir/C_/Users/ezequ/.pico-sdk/sdk/2.0.0/src/rp2_common/pico_runtime/runtime.c.obj
                0x10001d84                runtime_run_initializers
 .text.runtime_init_early_resets
                0x10001dac       0x2c CMakeFiles/velocidad.dir/C_/Users/ezequ/.pico-sdk/sdk/2.0.0/src/rp2_common/pico_runtime_init/runtime_init.c.obj
                0x10001dac                runtime_init_early_resets
 .text.runtime_init_usb_power_down
                0x10001dd8       0x1c CMakeFiles/velocidad.dir/C_/Users/ezequ/.pico-sdk/sdk/2.0.0/src/rp2_common/pico_runtime_init/runtime_init.c.obj
                0x10001dd8                runtime_init_usb_power_down
 .text.runtime_init_post_clock_resets
                0x10001df4       0x20 CMakeFiles/velocidad.dir/C_/Users/ezequ/.pico-sdk/sdk/2.0.0/src/rp2_common/pico_runtime_init/runtime_init.c.obj
                0x10001df4                runtime_init_post_clock_resets
 .text.runtime_init_rp2040_gpio_ie_disable
                0x10001e14       0x14 CMakeFiles/velocidad.dir/C_/Users/ezequ/.pico-sdk/sdk/2.0.0/src/rp2_common/pico_runtime_init/runtime_init.c.obj
                0x10001e14                runtime_init_rp2040_gpio_ie_disable
 .text.runtime_init_spin_locks_reset
                0x10001e28        0x8 CMakeFiles/velocidad.dir/C_/Users/ezequ/.pico-sdk/sdk/2.0.0/src/rp2_common/pico_runtime_init/runtime_init.c.obj
                0x10001e28                runtime_init_spin_locks_reset
 .text.runtime_init_install_ram_vector_table
                0x10001e30       0x1c CMakeFiles/velocidad.dir/C_/Users/ezequ/.pico-sdk/sdk/2.0.0/src/rp2_common/pico_runtime_init/runtime_init.c.obj
                0x10001e30                runtime_init_install_ram_vector_table
 .text.runtime_init_clocks
                0x10001e4c       0xd8 CMakeFiles/velocidad.dir/C_/Users/ezequ/.pico-sdk/sdk/2.0.0/src/rp2_common/pico_runtime_init/runtime_init_clocks.c.obj
                0x10001e4c                runtime_init_clocks
 .text          0x10001f24       0x10 CMakeFiles/velocidad.dir/C_/Users/ezequ/.pico-sdk/sdk/2.0.0/src/rp2_common/pico_bit_ops/bit_ops_aeabi.S.obj
 .text.rom_func_lookup
                0x10001f34       0x10 CMakeFiles/velocidad.dir/C_/Users/ezequ/.pico-sdk/sdk/2.0.0/src/rp2_common/pico_bootrom/bootrom.c.obj
                0x10001f34                rom_func_lookup
 .text.rom_data_lookup
                0x10001f44       0x10 CMakeFiles/velocidad.dir/C_/Users/ezequ/.pico-sdk/sdk/2.0.0/src/rp2_common/pico_bootrom/bootrom.c.obj
                0x10001f44                rom_data_lookup
 .text.rom_funcs_lookup
                0x10001f54       0x44 CMakeFiles/velocidad.dir/C_/Users/ezequ/.pico-sdk/sdk/2.0.0/src/rp2_common/pico_bootrom/bootrom.c.obj
                0x10001f54                rom_funcs_lookup
 .text.rom_reset_usb_boot
                0x10001f98       0x20 CMakeFiles/velocidad.dir/C_/Users/ezequ/.pico-sdk/sdk/2.0.0/src/rp2_common/pico_bootrom/bootrom.c.obj
                0x10001f98                rom_reset_usb_boot
 .text.__wrap___aeabi_idiv
                0x10001fb8       0x50 CMakeFiles/velocidad.dir/C_/Users/ezequ/.pico-sdk/sdk/2.0.0/src/rp2_common/pico_divider/divider_hardware.S.obj
                0x10001fb8                __wrap___aeabi_idivmod
                0x10001fb8                divmod_s32s32
                0x10001fb8                div_s32s32
                0x10001fb8                __wrap___aeabi_idiv
                0x10001fc0                divmod_s32s32_unsafe
                0x10001fec                divmod_s32s32_savestate
 .text.__wrap___aeabi_uidiv
                0x10002008       0x4c CMakeFiles/velocidad.dir/C_/Users/ezequ/.pico-sdk/sdk/2.0.0/src/rp2_common/pico_divider/divider_hardware.S.obj
                0x10002008                __wrap___aeabi_uidiv
                0x10002008                __wrap___aeabi_uidivmod
                0x10002008                div_u32u32
                0x10002008                divmod_u32u32
                0x10002010                divmod_u32u32_unsafe
                0x10002038                divmod_u32u32_savestate
 .text.__wrap___aeabi_ldiv
                0x10002054      0x424 CMakeFiles/velocidad.dir/C_/Users/ezequ/.pico-sdk/sdk/2.0.0/src/rp2_common/pico_divider/divider_hardware.S.obj
                0x10002054                div_s64s64
                0x10002054                divmod_s64s64
                0x10002054                __wrap___aeabi_ldivmod
                0x10002084                divmod_u64u64
                0x10002084                div_u64u64
                0x10002084                __wrap___aeabi_uldivmod
                0x10002094                divmod_u64u64_savestate
                0x100020b4                divmod_s64s64_unsafe
                0x1000213c                divmod_u64u64_unsafe
 .text.__wrap___aeabi_darithmetic
                0x10002478       0x60 CMakeFiles/velocidad.dir/C_/Users/ezequ/.pico-sdk/sdk/2.0.0/src/rp2_common/pico_double/double_aeabi_rp2040.S.obj
                0x10002478                __wrap___aeabi_drsub
                0x1000247e                __wrap___aeabi_dsub
                0x10002488                __wrap___aeabi_dadd
                0x10002492                __wrap___aeabi_ddiv
                0x100024c6                __wrap___aeabi_dmul
 .text.__wrap___aeabi_cdcmple
                0x100024d8       0x6c CMakeFiles/velocidad.dir/C_/Users/ezequ/.pico-sdk/sdk/2.0.0/src/rp2_common/pico_double/double_aeabi_rp2040.S.obj
                0x100024d8                __wrap___aeabi_cdrcmple
                0x100024e8                __wrap___aeabi_cdcmpeq
                0x100024e8                __wrap___aeabi_cdcmple
 .text.__wrap___aeabi_dcmplt
                0x10002544        0xc CMakeFiles/velocidad.dir/C_/Users/ezequ/.pico-sdk/sdk/2.0.0/src/rp2_common/pico_double/double_aeabi_rp2040.S.obj
                0x10002544                __wrap___aeabi_dcmplt
 .text.__wrap___aeabi_dcmpge
                0x10002550       0x10 CMakeFiles/velocidad.dir/C_/Users/ezequ/.pico-sdk/sdk/2.0.0/src/rp2_common/pico_double/double_aeabi_rp2040.S.obj
                0x10002550                __wrap___aeabi_dcmpge
 .text.__wrap___aeabi_dcmpgt
                0x10002560        0xa CMakeFiles/velocidad.dir/C_/Users/ezequ/.pico-sdk/sdk/2.0.0/src/rp2_common/pico_double/double_aeabi_rp2040.S.obj
                0x10002560                __wrap___aeabi_dcmpgt
 .text.__wrap___aeabi_dcmpun
                0x1000256a       0x18 CMakeFiles/velocidad.dir/C_/Users/ezequ/.pico-sdk/sdk/2.0.0/src/rp2_common/pico_double/double_aeabi_rp2040.S.obj
                0x1000256a                __wrap___aeabi_dcmpun
 *fill*         0x10002582        0x2 
 .text.__wrap___aeabi_i2d
                0x10002584       0x38 CMakeFiles/velocidad.dir/C_/Users/ezequ/.pico-sdk/sdk/2.0.0/src/rp2_common/pico_double/double_aeabi_rp2040.S.obj
                0x10002584                __wrap___aeabi_ui2d
                0x1000258c                __wrap___aeabi_i2d
 .text.__wrap___aeabi_d2iz
                0x100025bc       0x48 CMakeFiles/velocidad.dir/C_/Users/ezequ/.pico-sdk/sdk/2.0.0/src/rp2_common/pico_double/double_aeabi_rp2040.S.obj
                0x100025bc                double2int_z
                0x100025bc                __wrap___aeabi_d2iz
 .text.__wrap___aeabi_d2uiz
                0x10002604       0x10 CMakeFiles/velocidad.dir/C_/Users/ezequ/.pico-sdk/sdk/2.0.0/src/rp2_common/pico_double/double_aeabi_rp2040.S.obj
                0x10002604                __wrap___aeabi_d2uiz
                0x10002604                double2uint
 .text.__wrap___aeabi_d2f
                0x10002614       0x10 CMakeFiles/velocidad.dir/C_/Users/ezequ/.pico-sdk/sdk/2.0.0/src/rp2_common/pico_double/double_aeabi_rp2040.S.obj
                0x10002614                __wrap___aeabi_d2f
 .text.missing_double_func_shim
                0x10002624        0xc CMakeFiles/velocidad.dir/C_/Users/ezequ/.pico-sdk/sdk/2.0.0/src/rp2_common/pico_double/double_init_rom_rp2040.c.obj
 .text.__aeabi_double_init
                0x10002630       0xa0 CMakeFiles/velocidad.dir/C_/Users/ezequ/.pico-sdk/sdk/2.0.0/src/rp2_common/pico_double/double_init_rom_rp2040.c.obj
                0x10002630                __aeabi_double_init
 .text.double_table_shim_on_use_helper
                0x100026d0       0x2c CMakeFiles/velocidad.dir/C_/Users/ezequ/.pico-sdk/sdk/2.0.0/src/rp2_common/pico_double/double_v1_rom_shim_rp2040.S.obj
                0x100026d0                double_table_shim_on_use_helper
 .text.__aeabi_lmul
                0x100026fc       0x32 CMakeFiles/velocidad.dir/C_/Users/ezequ/.pico-sdk/sdk/2.0.0/src/rp2_common/pico_int64_ops/pico_int64_ops_aeabi.S.obj
                0x100026fc                __wrap___aeabi_lmul
 *fill*         0x1000272e        0x2 
 .text.__wrap___aeabi_farithmetic
                0x10002730       0x48 CMakeFiles/velocidad.dir/C_/Users/ezequ/.pico-sdk/sdk/2.0.0/src/rp2_common/pico_float/float_aeabi_rp2040.S.obj
                0x10002730                __wrap___aeabi_frsub
                0x10002736                __wrap___aeabi_fsub
                0x1000273c                __wrap___aeabi_fadd
                0x10002742                __wrap___aeabi_fdiv
                0x1000276a                __wrap___aeabi_fmul
 .text.__wrap___aeabi_cfcmple
                0x10002778       0x50 CMakeFiles/velocidad.dir/C_/Users/ezequ/.pico-sdk/sdk/2.0.0/src/rp2_common/pico_float/float_aeabi_rp2040.S.obj
                0x10002778                __wrap___aeabi_cfrcmple
                0x10002784                __wrap___aeabi_cfcmple
                0x10002784                __wrap___aeabi_cfcmpeq
 .text.__wrap___aeabi_fcmpgt
                0x100027c8        0xa CMakeFiles/velocidad.dir/C_/Users/ezequ/.pico-sdk/sdk/2.0.0/src/rp2_common/pico_float/float_aeabi_rp2040.S.obj
                0x100027c8                __wrap___aeabi_fcmpgt
 .text.__wrap___aeabi_f2iz
                0x100027d2       0x4e CMakeFiles/velocidad.dir/C_/Users/ezequ/.pico-sdk/sdk/2.0.0/src/rp2_common/pico_float/float_aeabi_rp2040.S.obj
                0x100027d2                float2int_z
                0x100027d2                __wrap___aeabi_f2iz
 .text.float2int
                0x10002820        0xc CMakeFiles/velocidad.dir/C_/Users/ezequ/.pico-sdk/sdk/2.0.0/src/rp2_common/pico_float/float_aeabi_rp2040.S.obj
                0x10002820                float2int
 .text.__wrap___aeabi_f2uiz
                0x1000282c        0xc CMakeFiles/velocidad.dir/C_/Users/ezequ/.pico-sdk/sdk/2.0.0/src/rp2_common/pico_float/float_aeabi_rp2040.S.obj
                0x1000282c                __wrap___aeabi_f2uiz
                0x1000282c                float2uint_z
 .text.__wrap___aeabi_f2d
                0x10002838        0xc CMakeFiles/velocidad.dir/C_/Users/ezequ/.pico-sdk/sdk/2.0.0/src/rp2_common/pico_float/float_aeabi_rp2040.S.obj
                0x10002838                __wrap___aeabi_f2d
 .text.missing_float_func_shim
                0x10002844        0xc CMakeFiles/velocidad.dir/C_/Users/ezequ/.pico-sdk/sdk/2.0.0/src/rp2_common/pico_float/float_init_rom_rp2040.c.obj
 .text.__aeabi_float_init
                0x10002850       0x5c CMakeFiles/velocidad.dir/C_/Users/ezequ/.pico-sdk/sdk/2.0.0/src/rp2_common/pico_float/float_init_rom_rp2040.c.obj
                0x10002850                __aeabi_float_init
 .text          0x100028ac       0x10 CMakeFiles/velocidad.dir/C_/Users/ezequ/.pico-sdk/sdk/2.0.0/src/rp2_common/pico_mem_ops/mem_ops_aeabi.S.obj
                0x100028ac                __aeabi_mem_init
 .text.memset   0x100028bc        0xc CMakeFiles/velocidad.dir/C_/Users/ezequ/.pico-sdk/sdk/2.0.0/src/rp2_common/pico_mem_ops/mem_ops_aeabi.S.obj
                0x100028bc                __wrap_memset
 .text.memcpy   0x100028c8        0xc CMakeFiles/velocidad.dir/C_/Users/ezequ/.pico-sdk/sdk/2.0.0/src/rp2_common/pico_mem_ops/mem_ops_aeabi.S.obj
                0x100028c8                __wrap_memcpy
                0x100028c8                __wrap___aeabi_memcpy
 .text._out_null
                0x100028d4        0x4 CMakeFiles/velocidad.dir/C_/Users/ezequ/.pico-sdk/sdk/2.0.0/src/rp2_common/pico_printf/printf.c.obj
 .text._out_rev
                0x100028d8       0xac CMakeFiles/velocidad.dir/C_/Users/ezequ/.pico-sdk/sdk/2.0.0/src/rp2_common/pico_printf/printf.c.obj
 .text._ntoa_format
                0x10002984      0x250 CMakeFiles/velocidad.dir/C_/Users/ezequ/.pico-sdk/sdk/2.0.0/src/rp2_common/pico_printf/printf.c.obj
 .text._out_char
                0x10002bd4       0x10 CMakeFiles/velocidad.dir/C_/Users/ezequ/.pico-sdk/sdk/2.0.0/src/rp2_common/pico_printf/printf.c.obj
 .text._out_fct
                0x10002be4       0x10 CMakeFiles/velocidad.dir/C_/Users/ezequ/.pico-sdk/sdk/2.0.0/src/rp2_common/pico_printf/printf.c.obj
 .text._etoa    0x10002bf4      0x464 CMakeFiles/velocidad.dir/C_/Users/ezequ/.pico-sdk/sdk/2.0.0/src/rp2_common/pico_printf/printf.c.obj
 .text._ftoa    0x10003058      0x3c0 CMakeFiles/velocidad.dir/C_/Users/ezequ/.pico-sdk/sdk/2.0.0/src/rp2_common/pico_printf/printf.c.obj
 .text._vsnprintf
                0x10003418      0xbc8 CMakeFiles/velocidad.dir/C_/Users/ezequ/.pico-sdk/sdk/2.0.0/src/rp2_common/pico_printf/printf.c.obj
 .text.vfctprintf
                0x10003fe0       0x20 CMakeFiles/velocidad.dir/C_/Users/ezequ/.pico-sdk/sdk/2.0.0/src/rp2_common/pico_printf/printf.c.obj
                0x10003fe0                vfctprintf
 .text.weak_raw_vprintf
                0x10004000       0x30 CMakeFiles/velocidad.dir/C_/Users/ezequ/.pico-sdk/sdk/2.0.0/src/rp2_common/pico_printf/printf.c.obj
                0x10004000                weak_raw_vprintf
 .text._exit    0x10004030        0x4 CMakeFiles/velocidad.dir/C_/Users/ezequ/.pico-sdk/sdk/2.0.0/src/rp2_common/pico_clib_interface/newlib_interface.c.obj
                0x10004030                _exit
 .text.exit     0x10004034        0x8 CMakeFiles/velocidad.dir/C_/Users/ezequ/.pico-sdk/sdk/2.0.0/src/rp2_common/pico_clib_interface/newlib_interface.c.obj
                0x10004034                exit
 .text.runtime_init
                0x1000403c       0x2c CMakeFiles/velocidad.dir/C_/Users/ezequ/.pico-sdk/sdk/2.0.0/src/rp2_common/pico_clib_interface/newlib_interface.c.obj
                0x1000403c                runtime_init
 .text.stdio_out_chars_no_crlf
                0x10004068       0x10 CMakeFiles/velocidad.dir/C_/Users/ezequ/.pico-sdk/sdk/2.0.0/src/rp2_common/pico_stdio/stdio.c.obj
 .text.stdio_out_chars_crlf
                0x10004078       0x94 CMakeFiles/velocidad.dir/C_/Users/ezequ/.pico-sdk/sdk/2.0.0/src/rp2_common/pico_stdio/stdio.c.obj
 .text.stdio_buffered_printer
                0x1000410c       0x64 CMakeFiles/velocidad.dir/C_/Users/ezequ/.pico-sdk/sdk/2.0.0/src/rp2_common/pico_stdio/stdio.c.obj
 .text.stdio_put_string
                0x10004170      0x100 CMakeFiles/velocidad.dir/C_/Users/ezequ/.pico-sdk/sdk/2.0.0/src/rp2_common/pico_stdio/stdio.c.obj
                0x10004170                stdio_put_string
 .text.stdio_set_driver_enabled
                0x10004270       0x30 CMakeFiles/velocidad.dir/C_/Users/ezequ/.pico-sdk/sdk/2.0.0/src/rp2_common/pico_stdio/stdio.c.obj
                0x10004270                stdio_set_driver_enabled
 .text.stdio_init_all
                0x100042a0        0x8 CMakeFiles/velocidad.dir/C_/Users/ezequ/.pico-sdk/sdk/2.0.0/src/rp2_common/pico_stdio/stdio.c.obj
                0x100042a0                stdio_init_all
 .text.__wrap_putchar
                0x100042a8       0x98 CMakeFiles/velocidad.dir/C_/Users/ezequ/.pico-sdk/sdk/2.0.0/src/rp2_common/pico_stdio/stdio.c.obj
                0x100042a8                __wrap_putchar
                0x100042a8                stdio_putchar
 .text.__wrap_puts
                0x10004340       0x3c CMakeFiles/velocidad.dir/C_/Users/ezequ/.pico-sdk/sdk/2.0.0/src/rp2_common/pico_stdio/stdio.c.obj
                0x10004340                stdio_puts
                0x10004340                __wrap_puts
 .text.__wrap_vprintf
                0x1000437c       0xd4 CMakeFiles/velocidad.dir/C_/Users/ezequ/.pico-sdk/sdk/2.0.0/src/rp2_common/pico_stdio/stdio.c.obj
                0x1000437c                stdio_vprintf
                0x1000437c                __wrap_vprintf
 .text.__wrap_printf
                0x10004450       0x18 CMakeFiles/velocidad.dir/C_/Users/ezequ/.pico-sdk/sdk/2.0.0/src/rp2_common/pico_stdio/stdio.c.obj
                0x10004450                __wrap_printf
                0x10004450                stdio_printf
 .text.resetd_init
                0x10004468        0x4 CMakeFiles/velocidad.dir/C_/Users/ezequ/.pico-sdk/sdk/2.0.0/src/rp2_common/pico_stdio_usb/reset_interface.c.obj
 .text.resetd_reset
                0x1000446c        0xc CMakeFiles/velocidad.dir/C_/Users/ezequ/.pico-sdk/sdk/2.0.0/src/rp2_common/pico_stdio_usb/reset_interface.c.obj
 .text.resetd_open
                0x10004478       0x28 CMakeFiles/velocidad.dir/C_/Users/ezequ/.pico-sdk/sdk/2.0.0/src/rp2_common/pico_stdio_usb/reset_interface.c.obj
 .text.resetd_xfer_cb
                0x100044a0        0x4 CMakeFiles/velocidad.dir/C_/Users/ezequ/.pico-sdk/sdk/2.0.0/src/rp2_common/pico_stdio_usb/reset_interface.c.obj
 .text.resetd_control_xfer_cb
                0x100044a4       0x54 CMakeFiles/velocidad.dir/C_/Users/ezequ/.pico-sdk/sdk/2.0.0/src/rp2_common/pico_stdio_usb/reset_interface.c.obj
 .text.tud_descriptor_bos_cb
                0x100044f8        0x8 CMakeFiles/velocidad.dir/C_/Users/ezequ/.pico-sdk/sdk/2.0.0/src/rp2_common/pico_stdio_usb/reset_interface.c.obj
                0x100044f8                tud_descriptor_bos_cb
 .text.tud_vendor_control_xfer_cb
                0x10004500       0x34 CMakeFiles/velocidad.dir/C_/Users/ezequ/.pico-sdk/sdk/2.0.0/src/rp2_common/pico_stdio_usb/reset_interface.c.obj
                0x10004500                tud_vendor_control_xfer_cb
 .text.usbd_app_driver_get_cb
                0x10004534        0xc CMakeFiles/velocidad.dir/C_/Users/ezequ/.pico-sdk/sdk/2.0.0/src/rp2_common/pico_stdio_usb/reset_interface.c.obj
                0x10004534                usbd_app_driver_get_cb
 .text.tud_cdc_line_coding_cb
                0x10004540       0x28 CMakeFiles/velocidad.dir/C_/Users/ezequ/.pico-sdk/sdk/2.0.0/src/rp2_common/pico_stdio_usb/reset_interface.c.obj
                0x10004540                tud_cdc_line_coding_cb
 .text.stdio_usb_set_chars_available_callback
                0x10004568       0x14 CMakeFiles/velocidad.dir/C_/Users/ezequ/.pico-sdk/sdk/2.0.0/src/rp2_common/pico_stdio_usb/stdio_usb.c.obj
                0x10004568                stdio_usb_set_chars_available_callback
 .text.usb_irq  0x1000457c       0x10 CMakeFiles/velocidad.dir/C_/Users/ezequ/.pico-sdk/sdk/2.0.0/src/rp2_common/pico_stdio_usb/stdio_usb.c.obj
 .text.timer_task
                0x1000458c       0x64 CMakeFiles/velocidad.dir/C_/Users/ezequ/.pico-sdk/sdk/2.0.0/src/rp2_common/pico_stdio_usb/stdio_usb.c.obj
 .text.stdio_usb_in_chars
                0x100045f0       0x90 CMakeFiles/velocidad.dir/C_/Users/ezequ/.pico-sdk/sdk/2.0.0/src/rp2_common/pico_stdio_usb/stdio_usb.c.obj
                0x100045f0                stdio_usb_in_chars
 .text.stdio_usb_out_flush
                0x10004680       0x50 CMakeFiles/velocidad.dir/C_/Users/ezequ/.pico-sdk/sdk/2.0.0/src/rp2_common/pico_stdio_usb/stdio_usb.c.obj
 .text.stdio_usb_out_chars
                0x100046d0      0x104 CMakeFiles/velocidad.dir/C_/Users/ezequ/.pico-sdk/sdk/2.0.0/src/rp2_common/pico_stdio_usb/stdio_usb.c.obj
 .text.low_priority_worker_irq
                0x100047d4       0xcc CMakeFiles/velocidad.dir/C_/Users/ezequ/.pico-sdk/sdk/2.0.0/src/rp2_common/pico_stdio_usb/stdio_usb.c.obj
 .text.stdio_usb_init
                0x100048a0       0xe8 CMakeFiles/velocidad.dir/C_/Users/ezequ/.pico-sdk/sdk/2.0.0/src/rp2_common/pico_stdio_usb/stdio_usb.c.obj
                0x100048a0                stdio_usb_init
 .text.tud_descriptor_device_cb
                0x10004988        0x8 CMakeFiles/velocidad.dir/C_/Users/ezequ/.pico-sdk/sdk/2.0.0/src/rp2_common/pico_stdio_usb/stdio_usb_descriptors.c.obj
                0x10004988                tud_descriptor_device_cb
 .text.tud_descriptor_configuration_cb
                0x10004990        0x8 CMakeFiles/velocidad.dir/C_/Users/ezequ/.pico-sdk/sdk/2.0.0/src/rp2_common/pico_stdio_usb/stdio_usb_descriptors.c.obj
                0x10004990                tud_descriptor_configuration_cb
 .text.tud_descriptor_string_cb
                0x10004998       0x78 CMakeFiles/velocidad.dir/C_/Users/ezequ/.pico-sdk/sdk/2.0.0/src/rp2_common/pico_stdio_usb/stdio_usb_descriptors.c.obj
                0x10004998                tud_descriptor_string_cb
 .text.startup._retrieve_unique_id_on_boot
                0x10004a10       0x10 CMakeFiles/velocidad.dir/C_/Users/ezequ/.pico-sdk/sdk/2.0.0/src/rp2_common/pico_unique_id/unique_id.c.obj
 .text.pico_get_unique_board_id_string
                0x10004a20      0x1a8 CMakeFiles/velocidad.dir/C_/Users/ezequ/.pico-sdk/sdk/2.0.0/src/rp2_common/pico_unique_id/unique_id.c.obj
                0x10004a20                pico_get_unique_board_id_string
 .text.flash_get_unique_id
                0x10004bc8       0x3c CMakeFiles/velocidad.dir/C_/Users/ezequ/.pico-sdk/sdk/2.0.0/src/rp2_common/hardware_flash/flash.c.obj
                0x10004bc8                flash_get_unique_id
 .text.dcd_init
                0x10004c04       0x8c CMakeFiles/velocidad.dir/C_/Users/ezequ/.pico-sdk/sdk/2.0.0/lib/tinyusb/src/portable/raspberrypi/rp2040/dcd_rp2040.c.obj
                0x10004c04                dcd_init
 .text.dcd_int_enable
                0x10004c90        0xc CMakeFiles/velocidad.dir/C_/Users/ezequ/.pico-sdk/sdk/2.0.0/lib/tinyusb/src/portable/raspberrypi/rp2040/dcd_rp2040.c.obj
                0x10004c90                dcd_int_enable
 .text.dcd_set_address
                0x10004c9c       0x14 CMakeFiles/velocidad.dir/C_/Users/ezequ/.pico-sdk/sdk/2.0.0/lib/tinyusb/src/portable/raspberrypi/rp2040/dcd_rp2040.c.obj
                0x10004c9c                dcd_set_address
 .text.dcd_sof_enable
                0x10004cb0       0x1c CMakeFiles/velocidad.dir/C_/Users/ezequ/.pico-sdk/sdk/2.0.0/lib/tinyusb/src/portable/raspberrypi/rp2040/dcd_rp2040.c.obj
                0x10004cb0                dcd_sof_enable
 .text.dcd_edpt0_status_complete
                0x10004ccc       0x1c CMakeFiles/velocidad.dir/C_/Users/ezequ/.pico-sdk/sdk/2.0.0/lib/tinyusb/src/portable/raspberrypi/rp2040/dcd_rp2040.c.obj
                0x10004ccc                dcd_edpt0_status_complete
 .text.dcd_edpt_open
                0x10004ce8      0x108 CMakeFiles/velocidad.dir/C_/Users/ezequ/.pico-sdk/sdk/2.0.0/lib/tinyusb/src/portable/raspberrypi/rp2040/dcd_rp2040.c.obj
                0x10004ce8                dcd_edpt_open
 .text.dcd_edpt_close_all
                0x10004df0        0x8 CMakeFiles/velocidad.dir/C_/Users/ezequ/.pico-sdk/sdk/2.0.0/lib/tinyusb/src/portable/raspberrypi/rp2040/dcd_rp2040.c.obj
                0x10004df0                dcd_edpt_close_all
 .text.dcd_edpt_xfer
                0x10004df8       0x24 CMakeFiles/velocidad.dir/C_/Users/ezequ/.pico-sdk/sdk/2.0.0/lib/tinyusb/src/portable/raspberrypi/rp2040/dcd_rp2040.c.obj
                0x10004df8                dcd_edpt_xfer
 .text.dcd_edpt_stall
                0x10004e1c       0x34 CMakeFiles/velocidad.dir/C_/Users/ezequ/.pico-sdk/sdk/2.0.0/lib/tinyusb/src/portable/raspberrypi/rp2040/dcd_rp2040.c.obj
                0x10004e1c                dcd_edpt_stall
 .text.dcd_edpt_clear_stall
                0x10004e50       0x30 CMakeFiles/velocidad.dir/C_/Users/ezequ/.pico-sdk/sdk/2.0.0/lib/tinyusb/src/portable/raspberrypi/rp2040/dcd_rp2040.c.obj
                0x10004e50                dcd_edpt_clear_stall
 .text.rp2040_usb_init
                0x10004e80       0x40 CMakeFiles/velocidad.dir/C_/Users/ezequ/.pico-sdk/sdk/2.0.0/lib/tinyusb/src/portable/raspberrypi/rp2040/rp2040_usb.c.obj
                0x10004e80                rp2040_usb_init
 .text.hw_endpoint_xfer_start
                0x10004ec0       0x40 CMakeFiles/velocidad.dir/C_/Users/ezequ/.pico-sdk/sdk/2.0.0/lib/tinyusb/src/portable/raspberrypi/rp2040/rp2040_usb.c.obj
                0x10004ec0                hw_endpoint_xfer_start
 .text.tud_event_hook_cb
                0x10004f00        0x4 CMakeFiles/velocidad.dir/C_/Users/ezequ/.pico-sdk/sdk/2.0.0/lib/tinyusb/src/device/usbd.c.obj
                0x10004f00                tud_event_hook_cb
 .text.tud_sof_cb
                0x10004f04        0x4 CMakeFiles/velocidad.dir/C_/Users/ezequ/.pico-sdk/sdk/2.0.0/lib/tinyusb/src/device/usbd.c.obj
                0x10004f04                tud_sof_cb
 .text.tud_descriptor_device_qualifier_cb
                0x10004f08        0x4 CMakeFiles/velocidad.dir/C_/Users/ezequ/.pico-sdk/sdk/2.0.0/lib/tinyusb/src/device/usbd.c.obj
                0x10004f08                tud_descriptor_device_qualifier_cb
 .text.tud_descriptor_other_speed_configuration_cb
                0x10004f0c        0x4 CMakeFiles/velocidad.dir/C_/Users/ezequ/.pico-sdk/sdk/2.0.0/lib/tinyusb/src/device/usbd.c.obj
                0x10004f0c                tud_descriptor_other_speed_configuration_cb
 .text.tud_mount_cb
                0x10004f10        0x4 CMakeFiles/velocidad.dir/C_/Users/ezequ/.pico-sdk/sdk/2.0.0/lib/tinyusb/src/device/usbd.c.obj
                0x10004f10                tud_mount_cb
 .text.tud_umount_cb
                0x10004f14        0x4 CMakeFiles/velocidad.dir/C_/Users/ezequ/.pico-sdk/sdk/2.0.0/lib/tinyusb/src/device/usbd.c.obj
                0x10004f14                tud_umount_cb
 .text.tud_suspend_cb
                0x10004f18        0x4 CMakeFiles/velocidad.dir/C_/Users/ezequ/.pico-sdk/sdk/2.0.0/lib/tinyusb/src/device/usbd.c.obj
                0x10004f18                tud_suspend_cb
 .text.tud_resume_cb
                0x10004f1c        0x4 CMakeFiles/velocidad.dir/C_/Users/ezequ/.pico-sdk/sdk/2.0.0/lib/tinyusb/src/device/usbd.c.obj
                0x10004f1c                tud_resume_cb
 .text.tud_mounted
                0x10004f20       0x10 CMakeFiles/velocidad.dir/C_/Users/ezequ/.pico-sdk/sdk/2.0.0/lib/tinyusb/src/device/usbd.c.obj
                0x10004f20                tud_mounted
 .text.tud_suspended
                0x10004f30       0x10 CMakeFiles/velocidad.dir/C_/Users/ezequ/.pico-sdk/sdk/2.0.0/lib/tinyusb/src/device/usbd.c.obj
                0x10004f30                tud_suspended
 .text.tud_init
                0x10004f40       0xe4 CMakeFiles/velocidad.dir/C_/Users/ezequ/.pico-sdk/sdk/2.0.0/lib/tinyusb/src/device/usbd.c.obj
                0x10004f40                tud_init
 .text.tud_task_ext
                0x10005024      0x800 CMakeFiles/velocidad.dir/C_/Users/ezequ/.pico-sdk/sdk/2.0.0/lib/tinyusb/src/device/usbd.c.obj
                0x10005024                tud_task_ext
 .text.usbd_open_edpt_pair
                0x10005824       0x9c CMakeFiles/velocidad.dir/C_/Users/ezequ/.pico-sdk/sdk/2.0.0/lib/tinyusb/src/device/usbd.c.obj
                0x10005824                usbd_open_edpt_pair
 .text.usbd_edpt_open
                0x100058c0       0x34 CMakeFiles/velocidad.dir/C_/Users/ezequ/.pico-sdk/sdk/2.0.0/lib/tinyusb/src/device/usbd.c.obj
                0x100058c0                usbd_edpt_open
 .text.usbd_edpt_claim
                0x100058f4       0x28 CMakeFiles/velocidad.dir/C_/Users/ezequ/.pico-sdk/sdk/2.0.0/lib/tinyusb/src/device/usbd.c.obj
                0x100058f4                usbd_edpt_claim
 .text.usbd_edpt_release
                0x1000591c       0x28 CMakeFiles/velocidad.dir/C_/Users/ezequ/.pico-sdk/sdk/2.0.0/lib/tinyusb/src/device/usbd.c.obj
                0x1000591c                usbd_edpt_release
 .text.usbd_edpt_xfer
                0x10005944       0x4c CMakeFiles/velocidad.dir/C_/Users/ezequ/.pico-sdk/sdk/2.0.0/lib/tinyusb/src/device/usbd.c.obj
                0x10005944                usbd_edpt_xfer
 .text.tud_control_status
                0x10005990       0x2c CMakeFiles/velocidad.dir/C_/Users/ezequ/.pico-sdk/sdk/2.0.0/lib/tinyusb/src/device/usbd_control.c.obj
                0x10005990                tud_control_status
 .text.tud_control_xfer
                0x100059bc       0xac CMakeFiles/velocidad.dir/C_/Users/ezequ/.pico-sdk/sdk/2.0.0/lib/tinyusb/src/device/usbd_control.c.obj
                0x100059bc                tud_control_xfer
 .text.usbd_control_reset
                0x10005a68       0x14 CMakeFiles/velocidad.dir/C_/Users/ezequ/.pico-sdk/sdk/2.0.0/lib/tinyusb/src/device/usbd_control.c.obj
                0x10005a68                usbd_control_reset
 .text.usbd_control_set_complete_callback
                0x10005a7c        0xc CMakeFiles/velocidad.dir/C_/Users/ezequ/.pico-sdk/sdk/2.0.0/lib/tinyusb/src/device/usbd_control.c.obj
                0x10005a7c                usbd_control_set_complete_callback
 .text.usbd_control_set_request
                0x10005a88       0x1c CMakeFiles/velocidad.dir/C_/Users/ezequ/.pico-sdk/sdk/2.0.0/lib/tinyusb/src/device/usbd_control.c.obj
                0x10005a88                usbd_control_set_request
 .text.usbd_control_xfer_cb
                0x10005aa4       0xec CMakeFiles/velocidad.dir/C_/Users/ezequ/.pico-sdk/sdk/2.0.0/lib/tinyusb/src/device/usbd_control.c.obj
                0x10005aa4                usbd_control_xfer_cb
 .text._prep_out_transaction.isra.0
                0x10005b90       0x5c CMakeFiles/velocidad.dir/C_/Users/ezequ/.pico-sdk/sdk/2.0.0/lib/tinyusb/src/class/cdc/cdc_device.c.obj
 .text.tud_cdc_n_connected
                0x10005bec       0x30 CMakeFiles/velocidad.dir/C_/Users/ezequ/.pico-sdk/sdk/2.0.0/lib/tinyusb/src/class/cdc/cdc_device.c.obj
                0x10005bec                tud_cdc_n_connected
 .text.tud_cdc_n_available
                0x10005c1c       0x18 CMakeFiles/velocidad.dir/C_/Users/ezequ/.pico-sdk/sdk/2.0.0/lib/tinyusb/src/class/cdc/cdc_device.c.obj
                0x10005c1c                tud_cdc_n_available
 .text.tud_cdc_n_read
                0x10005c34       0x98 CMakeFiles/velocidad.dir/C_/Users/ezequ/.pico-sdk/sdk/2.0.0/lib/tinyusb/src/class/cdc/cdc_device.c.obj
                0x10005c34                tud_cdc_n_read
 .text.tud_cdc_n_write_flush
                0x10005ccc       0x78 CMakeFiles/velocidad.dir/C_/Users/ezequ/.pico-sdk/sdk/2.0.0/lib/tinyusb/src/class/cdc/cdc_device.c.obj
                0x10005ccc                tud_cdc_n_write_flush
 .text.tud_cdc_n_write
                0x10005d44       0x40 CMakeFiles/velocidad.dir/C_/Users/ezequ/.pico-sdk/sdk/2.0.0/lib/tinyusb/src/class/cdc/cdc_device.c.obj
                0x10005d44                tud_cdc_n_write
 .text.tud_cdc_n_write_available
                0x10005d84       0x18 CMakeFiles/velocidad.dir/C_/Users/ezequ/.pico-sdk/sdk/2.0.0/lib/tinyusb/src/class/cdc/cdc_device.c.obj
                0x10005d84                tud_cdc_n_write_available
 .text.cdcd_init
                0x10005d9c       0x7c CMakeFiles/velocidad.dir/C_/Users/ezequ/.pico-sdk/sdk/2.0.0/lib/tinyusb/src/class/cdc/cdc_device.c.obj
                0x10005d9c                cdcd_init
 .text.cdcd_deinit
                0x10005e18       0x34 CMakeFiles/velocidad.dir/C_/Users/ezequ/.pico-sdk/sdk/2.0.0/lib/tinyusb/src/class/cdc/cdc_device.c.obj
                0x10005e18                cdcd_deinit
 .text.cdcd_reset
                0x10005e4c       0x4c CMakeFiles/velocidad.dir/C_/Users/ezequ/.pico-sdk/sdk/2.0.0/lib/tinyusb/src/class/cdc/cdc_device.c.obj
                0x10005e4c                cdcd_reset
 .text.cdcd_open
                0x10005e98       0xb0 CMakeFiles/velocidad.dir/C_/Users/ezequ/.pico-sdk/sdk/2.0.0/lib/tinyusb/src/class/cdc/cdc_device.c.obj
                0x10005e98                cdcd_open
 .text.cdcd_control_xfer_cb
                0x10005f48       0xe4 CMakeFiles/velocidad.dir/C_/Users/ezequ/.pico-sdk/sdk/2.0.0/lib/tinyusb/src/class/cdc/cdc_device.c.obj
                0x10005f48                cdcd_control_xfer_cb
 .text.cdcd_xfer_cb
                0x1000602c      0x100 CMakeFiles/velocidad.dir/C_/Users/ezequ/.pico-sdk/sdk/2.0.0/lib/tinyusb/src/class/cdc/cdc_device.c.obj
                0x1000602c                cdcd_xfer_cb
 .text.tud_vendor_n_write_flush
                0x1000612c       0x78 CMakeFiles/velocidad.dir/C_/Users/ezequ/.pico-sdk/sdk/2.0.0/lib/tinyusb/src/class/vendor/vendor_device.c.obj
                0x1000612c                tud_vendor_n_write_flush
 .text.vendord_init
                0x100061a4       0x64 CMakeFiles/velocidad.dir/C_/Users/ezequ/.pico-sdk/sdk/2.0.0/lib/tinyusb/src/class/vendor/vendor_device.c.obj
                0x100061a4                vendord_init
 .text.vendord_deinit
                0x10006208       0x34 CMakeFiles/velocidad.dir/C_/Users/ezequ/.pico-sdk/sdk/2.0.0/lib/tinyusb/src/class/vendor/vendor_device.c.obj
                0x10006208                vendord_deinit
 .text.vendord_reset
                0x1000623c       0x1c CMakeFiles/velocidad.dir/C_/Users/ezequ/.pico-sdk/sdk/2.0.0/lib/tinyusb/src/class/vendor/vendor_device.c.obj
                0x1000623c                vendord_reset
 .text.vendord_open
                0x10006258       0xd8 CMakeFiles/velocidad.dir/C_/Users/ezequ/.pico-sdk/sdk/2.0.0/lib/tinyusb/src/class/vendor/vendor_device.c.obj
                0x10006258                vendord_open
 .text.vendord_xfer_cb
                0x10006330       0xc8 CMakeFiles/velocidad.dir/C_/Users/ezequ/.pico-sdk/sdk/2.0.0/lib/tinyusb/src/class/vendor/vendor_device.c.obj
                0x10006330                vendord_xfer_cb
 .text.tusb_init
                0x100063f8        0xc CMakeFiles/velocidad.dir/C_/Users/ezequ/.pico-sdk/sdk/2.0.0/lib/tinyusb/src/tusb.c.obj
                0x100063f8                tusb_init
 .text.tu_edpt_claim
                0x10006404       0x50 CMakeFiles/velocidad.dir/C_/Users/ezequ/.pico-sdk/sdk/2.0.0/lib/tinyusb/src/tusb.c.obj
                0x10006404                tu_edpt_claim
 .text.tu_edpt_release
                0x10006454       0x38 CMakeFiles/velocidad.dir/C_/Users/ezequ/.pico-sdk/sdk/2.0.0/lib/tinyusb/src/tusb.c.obj
                0x10006454                tu_edpt_release
 .text.tu_edpt_validate
                0x1000648c       0x7c CMakeFiles/velocidad.dir/C_/Users/ezequ/.pico-sdk/sdk/2.0.0/lib/tinyusb/src/tusb.c.obj
                0x1000648c                tu_edpt_validate
 .text.tu_edpt_bind_driver
                0x10006508       0x34 CMakeFiles/velocidad.dir/C_/Users/ezequ/.pico-sdk/sdk/2.0.0/lib/tinyusb/src/tusb.c.obj
                0x10006508                tu_edpt_bind_driver
 .text.tu_fifo_config
                0x1000653c       0x6c CMakeFiles/velocidad.dir/C_/Users/ezequ/.pico-sdk/sdk/2.0.0/lib/tinyusb/src/common/tusb_fifo.c.obj
                0x1000653c                tu_fifo_config
 .text.tu_fifo_count
                0x100065a8       0x2c CMakeFiles/velocidad.dir/C_/Users/ezequ/.pico-sdk/sdk/2.0.0/lib/tinyusb/src/common/tusb_fifo.c.obj
                0x100065a8                tu_fifo_count
 .text.tu_fifo_empty
                0x100065d4       0x10 CMakeFiles/velocidad.dir/C_/Users/ezequ/.pico-sdk/sdk/2.0.0/lib/tinyusb/src/common/tusb_fifo.c.obj
                0x100065d4                tu_fifo_empty
 .text.tu_fifo_remaining
                0x100065e4       0x2c CMakeFiles/velocidad.dir/C_/Users/ezequ/.pico-sdk/sdk/2.0.0/lib/tinyusb/src/common/tusb_fifo.c.obj
                0x100065e4                tu_fifo_remaining
 .text.tu_fifo_read
                0x10006610       0x9c CMakeFiles/velocidad.dir/C_/Users/ezequ/.pico-sdk/sdk/2.0.0/lib/tinyusb/src/common/tusb_fifo.c.obj
                0x10006610                tu_fifo_read
 .text.tu_fifo_read_n
                0x100066ac       0xe8 CMakeFiles/velocidad.dir/C_/Users/ezequ/.pico-sdk/sdk/2.0.0/lib/tinyusb/src/common/tusb_fifo.c.obj
                0x100066ac                tu_fifo_read_n
 .text.tu_fifo_write
                0x10006794       0xa8 CMakeFiles/velocidad.dir/C_/Users/ezequ/.pico-sdk/sdk/2.0.0/lib/tinyusb/src/common/tusb_fifo.c.obj
                0x10006794                tu_fifo_write
 .text.tu_fifo_write_n
                0x1000683c      0x178 CMakeFiles/velocidad.dir/C_/Users/ezequ/.pico-sdk/sdk/2.0.0/lib/tinyusb/src/common/tusb_fifo.c.obj
                0x1000683c                tu_fifo_write_n
 .text.tu_fifo_clear
                0x100069b4       0x40 CMakeFiles/velocidad.dir/C_/Users/ezequ/.pico-sdk/sdk/2.0.0/lib/tinyusb/src/common/tusb_fifo.c.obj
                0x100069b4                tu_fifo_clear
 .text.tu_fifo_set_overwritable
                0x100069f4       0x48 CMakeFiles/velocidad.dir/C_/Users/ezequ/.pico-sdk/sdk/2.0.0/lib/tinyusb/src/common/tusb_fifo.c.obj
                0x100069f4                tu_fifo_set_overwritable
 .text.adc_init
                0x10006a3c       0x38 CMakeFiles/velocidad.dir/C_/Users/ezequ/.pico-sdk/sdk/2.0.0/src/rp2_common/hardware_adc/adc.c.obj
                0x10006a3c                adc_init
 .text.strlen   0x10006a74       0x5c C:/Users/ezequ/.pico-sdk/toolchain/13_2_Rel1/bin/../lib/gcc/arm-none-eabi/13.2.1/thumb/v6-m/nofp\libg.a(libc_a-strlen-stub.o)
                0x10006a74                strlen
 *(.fini)
 .fini          0x10006ad0        0x4 C:/Users/ezequ/.pico-sdk/toolchain/13_2_Rel1/bin/../lib/gcc/arm-none-eabi/13.2.1/thumb/v6-m/nofp/crti.o
                0x10006ad0                _fini
 *fill*         0x10006ad4        0x4 
 .fini.__stub   0x10006ad8       0xc0 linker stubs
 *crtbegin.o(.ctors)
 *crtbegin?.o(.ctors)
 *(EXCLUDE_FILE(*crtend.o *crtend?.o) .ctors)
 *(SORT_BY_NAME(.ctors.*))
 *(.ctors)
 *crtbegin.o(.dtors)
 *crtbegin?.o(.dtors)
 *(EXCLUDE_FILE(*crtend.o *crtend?.o) .dtors)
 *(SORT_BY_NAME(.dtors.*))
 *(.dtors)
                0x10006b98                        . = ALIGN (0x4)
                0x10006b98                        PROVIDE (__preinit_array_start = .)
 *(SORT_BY_NAME(.preinit_array.*))
 .preinit_array.00100
                0x10006b98        0x4 CMakeFiles/velocidad.dir/C_/Users/ezequ/.pico-sdk/sdk/2.0.0/src/rp2_common/pico_runtime_init/runtime_init.c.obj
                0x10006b98                __pre_init_runtime_init_early_resets
 .preinit_array.00101
                0x10006b9c        0x4 CMakeFiles/velocidad.dir/C_/Users/ezequ/.pico-sdk/sdk/2.0.0/src/rp2_common/pico_runtime_init/runtime_init.c.obj
                0x10006b9c                __pre_init_runtime_init_usb_power_down
 .preinit_array.00275
                0x10006ba0        0x4 CMakeFiles/velocidad.dir/C_/Users/ezequ/.pico-sdk/sdk/2.0.0/src/rp2_common/pico_bit_ops/bit_ops_aeabi.S.obj
 .preinit_array.00300
                0x10006ba4        0x4 CMakeFiles/velocidad.dir/C_/Users/ezequ/.pico-sdk/sdk/2.0.0/src/rp2_common/pico_mem_ops/mem_ops_aeabi.S.obj
 .preinit_array.00350
                0x10006ba8        0x4 CMakeFiles/velocidad.dir/C_/Users/ezequ/.pico-sdk/sdk/2.0.0/src/rp2_common/pico_double/double_aeabi_rp2040.S.obj
 .preinit_array.00350
                0x10006bac        0x4 CMakeFiles/velocidad.dir/C_/Users/ezequ/.pico-sdk/sdk/2.0.0/src/rp2_common/pico_float/float_aeabi_rp2040.S.obj
 .preinit_array.00500
                0x10006bb0        0x4 CMakeFiles/velocidad.dir/C_/Users/ezequ/.pico-sdk/sdk/2.0.0/src/rp2_common/pico_runtime_init/runtime_init.c.obj
                0x10006bb0                __pre_init_runtime_init_clocks
 .preinit_array.00600
                0x10006bb4        0x4 CMakeFiles/velocidad.dir/C_/Users/ezequ/.pico-sdk/sdk/2.0.0/src/rp2_common/pico_runtime_init/runtime_init.c.obj
                0x10006bb4                __pre_init_runtime_init_post_clock_resets
 .preinit_array.00700
                0x10006bb8        0x4 CMakeFiles/velocidad.dir/C_/Users/ezequ/.pico-sdk/sdk/2.0.0/src/rp2_common/pico_runtime_init/runtime_init.c.obj
                0x10006bb8                __pre_init_runtime_init_rp2040_gpio_ie_disable
 .preinit_array.01000
                0x10006bbc        0x4 CMakeFiles/velocidad.dir/C_/Users/ezequ/.pico-sdk/sdk/2.0.0/src/rp2_common/pico_runtime_init/runtime_init.c.obj
                0x10006bbc                __pre_init_runtime_init_spin_locks_reset
 .preinit_array.01100
                0x10006bc0        0x4 CMakeFiles/velocidad.dir/C_/Users/ezequ/.pico-sdk/sdk/2.0.0/src/common/pico_sync/mutex.c.obj
                0x10006bc0                __pre_init_runtime_init_mutex
 .preinit_array.10080
                0x10006bc4        0x4 CMakeFiles/velocidad.dir/C_/Users/ezequ/.pico-sdk/sdk/2.0.0/src/rp2_common/pico_runtime_init/runtime_init.c.obj
                0x10006bc4                __pre_init_runtime_init_install_ram_vector_table
 .preinit_array.11000
                0x10006bc8        0x4 CMakeFiles/velocidad.dir/C_/Users/ezequ/.pico-sdk/sdk/2.0.0/src/common/pico_time/time.c.obj
                0x10006bc8                __pre_init_runtime_init_default_alarm_pool
 .preinit_array.YYYYY
                0x10006bcc        0x4 CMakeFiles/velocidad.dir/C_/Users/ezequ/.pico-sdk/sdk/2.0.0/src/rp2_common/pico_runtime/runtime.c.obj
                0x10006bcc                __pre_init_first_per_core_initializer
 .preinit_array.ZZZZZ.01200
                0x10006bd0        0x4 CMakeFiles/velocidad.dir/C_/Users/ezequ/.pico-sdk/sdk/2.0.0/src/rp2_common/hardware_irq/irq.c.obj
                0x10006bd0                __pre_init_runtime_init_per_core_irq_priorities
 *(.preinit_array)
                0x10006bd4                        PROVIDE (__preinit_array_end = .)
                0x10006bd4                        . = ALIGN (0x4)
                0x10006bd4                        PROVIDE (__init_array_start = .)
 *(SORT_BY_NAME(.init_array.*))
 *(.init_array)
 .init_array    0x10006bd4        0x4 C:/Users/ezequ/.pico-sdk/toolchain/13_2_Rel1/bin/../lib/gcc/arm-none-eabi/13.2.1/thumb/v6-m/nofp/crtbegin.o
 .init_array    0x10006bd8        0x4 CMakeFiles/velocidad.dir/C_/Users/ezequ/.pico-sdk/sdk/2.0.0/src/rp2_common/pico_unique_id/unique_id.c.obj
                0x10006bdc                        PROVIDE (__init_array_end = .)
                0x10006bdc                        . = ALIGN (0x4)
                [!provide]                        PROVIDE (__fini_array_start = .)
 *(SORT_BY_NAME(.fini_array.*))
 *(.fini_array)
                [!provide]                        PROVIDE (__fini_array_end = .)
 *(.eh_frame*)
 .eh_frame      0x10006bdc        0x0 C:/Users/ezequ/.pico-sdk/toolchain/13_2_Rel1/bin/../lib/gcc/arm-none-eabi/13.2.1/thumb/v6-m/nofp/crtbegin.o
                0x10006bdc                        . = ALIGN (0x4)

.glue_7         0x10006bdc        0x0
 .glue_7        0x10006bdc        0x0 linker stubs

.glue_7t        0x10006bdc        0x0
 .glue_7t       0x10006bdc        0x0 linker stubs

.vfp11_veneer   0x10006bdc        0x0
 .vfp11_veneer  0x10006bdc        0x0 linker stubs

.v4_bx          0x10006bdc        0x0
 .v4_bx         0x10006bdc        0x0 linker stubs

.iplt           0x10006bdc        0x0
 .iplt          0x10006bdc        0x0 C:/Users/ezequ/.pico-sdk/toolchain/13_2_Rel1/bin/../lib/gcc/arm-none-eabi/13.2.1/thumb/v6-m/nofp/crtbegin.o

.rodata         0x10006be0      0x6ec
 *(EXCLUDE_FILE(*libm.a: *libc.a:*lib_a-mem*.o *libgcc.a:) .rodata*)
 .rodata.calculate_speed.str1.4
                0x10006be0      0x244 CMakeFiles/velocidad.dir/velocidad.c.obj
                                 0x1f (size before relaxing)
 .rodata.set_motor_speed.str1.4
                0x10006e24       0x1a CMakeFiles/velocidad.dir/velocidad.c.obj
 .rodata.read_potentiometer.str1.4
                0x10006e24       0x20 CMakeFiles/velocidad.dir/velocidad.c.obj
 .rodata.main.str1.4
                0x10006e24       0x6f CMakeFiles/velocidad.dir/velocidad.c.obj
 .rodata.panic.str1.4
                0x10006e24       0x12 CMakeFiles/velocidad.dir/C_/Users/ezequ/.pico-sdk/sdk/2.0.0/src/rp2_common/pico_platform_panic/panic.c.obj
 .rodata.spin_lock_claim_unused.str1.4
                0x10006e24       0x1b CMakeFiles/velocidad.dir/C_/Users/ezequ/.pico-sdk/sdk/2.0.0/src/rp2_common/hardware_sync/sync.c.obj
 .rodata.user_irq_claim_unused.str1.4
                0x10006e24       0x1b CMakeFiles/velocidad.dir/C_/Users/ezequ/.pico-sdk/sdk/2.0.0/src/rp2_common/hardware_irq/irq.c.obj
 .rodata.timer_hardware_alarm_claim.str1.4
                0x10006e24       0x22 CMakeFiles/velocidad.dir/C_/Users/ezequ/.pico-sdk/sdk/2.0.0/src/rp2_common/hardware_timer/timer.c.obj
 .rodata.hard_assertion_failure.str1.4
                0x10006e24        0xc CMakeFiles/velocidad.dir/C_/Users/ezequ/.pico-sdk/sdk/2.0.0/src/rp2_common/pico_runtime/runtime.c.obj
 .rodata.missing_double_func_shim.str1.4
                0x10006e24       0x18 CMakeFiles/velocidad.dir/C_/Users/ezequ/.pico-sdk/sdk/2.0.0/src/rp2_common/pico_double/double_init_rom_rp2040.c.obj
 .rodata.missing_float_func_shim.str1.4
                0x10006e24        0x1 CMakeFiles/velocidad.dir/C_/Users/ezequ/.pico-sdk/sdk/2.0.0/src/rp2_common/pico_float/float_init_rom_rp2040.c.obj
 .rodata.str1.4
                0x10006e24       0x34 CMakeFiles/velocidad.dir/C_/Users/ezequ/.pico-sdk/sdk/2.0.0/src/rp2_common/pico_standard_binary_info/standard_binary_info.c.obj
 .rodata.__bi_84
                0x10006e24        0xc CMakeFiles/velocidad.dir/C_/Users/ezequ/.pico-sdk/sdk/2.0.0/src/rp2_common/pico_standard_binary_info/standard_binary_info.c.obj
 .rodata.__bi_60
                0x10006e30        0xc CMakeFiles/velocidad.dir/C_/Users/ezequ/.pico-sdk/sdk/2.0.0/src/rp2_common/pico_standard_binary_info/standard_binary_info.c.obj
 .rodata.__bi_54
                0x10006e3c        0xc CMakeFiles/velocidad.dir/C_/Users/ezequ/.pico-sdk/sdk/2.0.0/src/rp2_common/pico_standard_binary_info/standard_binary_info.c.obj
 .rodata.__bi_48
                0x10006e48        0xc CMakeFiles/velocidad.dir/C_/Users/ezequ/.pico-sdk/sdk/2.0.0/src/rp2_common/pico_standard_binary_info/standard_binary_info.c.obj
 .rodata.__bi_42
                0x10006e54        0xc CMakeFiles/velocidad.dir/C_/Users/ezequ/.pico-sdk/sdk/2.0.0/src/rp2_common/pico_standard_binary_info/standard_binary_info.c.obj
 .rodata.__bi_34
                0x10006e60        0xc CMakeFiles/velocidad.dir/C_/Users/ezequ/.pico-sdk/sdk/2.0.0/src/rp2_common/pico_standard_binary_info/standard_binary_info.c.obj
 .rodata.__bi_26
                0x10006e6c        0xc CMakeFiles/velocidad.dir/C_/Users/ezequ/.pico-sdk/sdk/2.0.0/src/rp2_common/pico_standard_binary_info/standard_binary_info.c.obj
 .rodata._ftoa.str1.4
                0x10006e78       0x15 CMakeFiles/velocidad.dir/C_/Users/ezequ/.pico-sdk/sdk/2.0.0/src/rp2_common/pico_printf/printf.c.obj
 .rodata._vsnprintf
                0x10006e78      0x19c CMakeFiles/velocidad.dir/C_/Users/ezequ/.pico-sdk/sdk/2.0.0/src/rp2_common/pico_printf/printf.c.obj
 *fill*         0x10007014        0x4 
 .rodata.pow10.0
                0x10007018       0x50 CMakeFiles/velocidad.dir/C_/Users/ezequ/.pico-sdk/sdk/2.0.0/src/rp2_common/pico_printf/printf.c.obj
 .rodata.crlf_str.0
                0x10007068        0x2 CMakeFiles/velocidad.dir/C_/Users/ezequ/.pico-sdk/sdk/2.0.0/src/rp2_common/pico_stdio/stdio.c.obj
 *fill*         0x1000706a        0x2 
 .rodata._resetd_driver
                0x1000706c       0x20 CMakeFiles/velocidad.dir/C_/Users/ezequ/.pico-sdk/sdk/2.0.0/src/rp2_common/pico_stdio_usb/reset_interface.c.obj
 .rodata.desc_ms_os_20
                0x1000708c       0xa6 CMakeFiles/velocidad.dir/C_/Users/ezequ/.pico-sdk/sdk/2.0.0/src/rp2_common/pico_stdio_usb/reset_interface.c.obj
 *fill*         0x10007132        0x2 
 .rodata.desc_bos
                0x10007134       0x21 CMakeFiles/velocidad.dir/C_/Users/ezequ/.pico-sdk/sdk/2.0.0/src/rp2_common/pico_stdio_usb/reset_interface.c.obj
                0x10007134                desc_bos
 .rodata.str1.4
                0x10007155       0x13 CMakeFiles/velocidad.dir/C_/Users/ezequ/.pico-sdk/sdk/2.0.0/src/rp2_common/pico_stdio_usb/stdio_usb.c.obj
 *fill*         0x10007155        0x3 
 .rodata.__bi_197.0
                0x10007158        0xc CMakeFiles/velocidad.dir/C_/Users/ezequ/.pico-sdk/sdk/2.0.0/src/rp2_common/pico_stdio_usb/stdio_usb.c.obj
 .rodata.str1.4
                0x10007164       0x2a CMakeFiles/velocidad.dir/C_/Users/ezequ/.pico-sdk/sdk/2.0.0/src/rp2_common/pico_stdio_usb/stdio_usb_descriptors.c.obj
 .rodata.usbd_desc_str
                0x10007164       0x18 CMakeFiles/velocidad.dir/C_/Users/ezequ/.pico-sdk/sdk/2.0.0/src/rp2_common/pico_stdio_usb/stdio_usb_descriptors.c.obj
 .rodata.usbd_desc_cfg
                0x1000717c       0x54 CMakeFiles/velocidad.dir/C_/Users/ezequ/.pico-sdk/sdk/2.0.0/src/rp2_common/pico_stdio_usb/stdio_usb_descriptors.c.obj
 .rodata.usbd_desc_device
                0x100071d0       0x12 CMakeFiles/velocidad.dir/C_/Users/ezequ/.pico-sdk/sdk/2.0.0/src/rp2_common/pico_stdio_usb/stdio_usb_descriptors.c.obj
 .rodata.str1.4
                0x100071e2       0x14 CMakeFiles/velocidad.dir/C_/Users/ezequ/.pico-sdk/sdk/2.0.0/lib/tinyusb/src/portable/raspberrypi/rp2040/dcd_rp2040.c.obj
 .rodata.str1.4
                0x100071e2       0x48 CMakeFiles/velocidad.dir/C_/Users/ezequ/.pico-sdk/sdk/2.0.0/lib/tinyusb/src/portable/raspberrypi/rp2040/rp2040_usb.c.obj
 *fill*         0x100071e2        0x2 
 .rodata.tud_task_ext
                0x100071e4       0x8c CMakeFiles/velocidad.dir/C_/Users/ezequ/.pico-sdk/sdk/2.0.0/lib/tinyusb/src/device/usbd.c.obj
 .rodata        0x10007270       0x1c CMakeFiles/velocidad.dir/C_/Users/ezequ/.pico-sdk/sdk/2.0.0/lib/tinyusb/src/device/usbd.c.obj
 .rodata._usbd_driver
                0x1000728c       0x40 CMakeFiles/velocidad.dir/C_/Users/ezequ/.pico-sdk/sdk/2.0.0/lib/tinyusb/src/device/usbd.c.obj
                0x100072cc                        . = ALIGN (0x4)
 *(SORT_BY_ALIGNMENT(SORT_BY_NAME(.flashdata*)))
                0x100072cc                        . = ALIGN (0x4)

.ARM.extab
 *(.ARM.extab* .gnu.linkonce.armextab.*)
                0x100072cc                        __exidx_start = .

.ARM.exidx
 *(.ARM.exidx* .gnu.linkonce.armexidx.*)
                0x100072cc                        __exidx_end = .
                0x100072cc                        . = ALIGN (0x4)
                0x100072cc                        __binary_info_start = .

.binary_info    0x100072cc       0x20
 *(.binary_info.keep.*)
 .binary_info.keep.__bi_ptr84
                0x100072cc        0x4 CMakeFiles/velocidad.dir/C_/Users/ezequ/.pico-sdk/sdk/2.0.0/src/rp2_common/pico_standard_binary_info/standard_binary_info.c.obj
 .binary_info.keep.__bi_ptr60
                0x100072d0        0x4 CMakeFiles/velocidad.dir/C_/Users/ezequ/.pico-sdk/sdk/2.0.0/src/rp2_common/pico_standard_binary_info/standard_binary_info.c.obj
 .binary_info.keep.__bi_ptr54
                0x100072d4        0x4 CMakeFiles/velocidad.dir/C_/Users/ezequ/.pico-sdk/sdk/2.0.0/src/rp2_common/pico_standard_binary_info/standard_binary_info.c.obj
 .binary_info.keep.__bi_ptr48
                0x100072d8        0x4 CMakeFiles/velocidad.dir/C_/Users/ezequ/.pico-sdk/sdk/2.0.0/src/rp2_common/pico_standard_binary_info/standard_binary_info.c.obj
 .binary_info.keep.__bi_ptr42
                0x100072dc        0x4 CMakeFiles/velocidad.dir/C_/Users/ezequ/.pico-sdk/sdk/2.0.0/src/rp2_common/pico_standard_binary_info/standard_binary_info.c.obj
 .binary_info.keep.__bi_ptr34
                0x100072e0        0x4 CMakeFiles/velocidad.dir/C_/Users/ezequ/.pico-sdk/sdk/2.0.0/src/rp2_common/pico_standard_binary_info/standard_binary_info.c.obj
 .binary_info.keep.__bi_ptr26
                0x100072e4        0x4 CMakeFiles/velocidad.dir/C_/Users/ezequ/.pico-sdk/sdk/2.0.0/src/rp2_common/pico_standard_binary_info/standard_binary_info.c.obj
 *(.binary_info.*)
 .binary_info.__bi_ptr197
                0x100072e8        0x4 CMakeFiles/velocidad.dir/C_/Users/ezequ/.pico-sdk/sdk/2.0.0/src/rp2_common/pico_stdio_usb/stdio_usb.c.obj
                0x100072ec                        __binary_info_end = .

.rel.dyn        0x100072ec        0x0
 .rel.iplt      0x100072ec        0x0 C:/Users/ezequ/.pico-sdk/toolchain/13_2_Rel1/bin/../lib/gcc/arm-none-eabi/13.2.1/thumb/v6-m/nofp/crtbegin.o
                0x100072ec                        . = ALIGN (0x4)

.ram_vector_table
                0x20000000       0xc0
 *(.ram_vector_table)
 .ram_vector_table
                0x20000000       0xc0 CMakeFiles/velocidad.dir/C_/Users/ezequ/.pico-sdk/sdk/2.0.0/src/rp2_common/pico_runtime_init/runtime_init.c.obj
                0x20000000                ram_vector_table

.uninitialized_data
                0x200000c0        0x0
                0x200000c0                        . = ALIGN (0x4)
 *(.uninitialized_data*)

.data           0x200000c0      0xfa0 load address 0x100072ec
                0x200000c0                        __data_start__ = .
 *(vtable)
 *(.time_critical*)
 .time_critical.mutex_try_enter
                0x200000c0       0x40 CMakeFiles/velocidad.dir/C_/Users/ezequ/.pico-sdk/sdk/2.0.0/src/common/pico_sync/mutex.c.obj
                0x200000c0                mutex_try_enter
 .time_critical.mutex_try_enter_block_until
                0x20000100       0x9c CMakeFiles/velocidad.dir/C_/Users/ezequ/.pico-sdk/sdk/2.0.0/src/common/pico_sync/mutex.c.obj
                0x20000100                mutex_try_enter_block_until
 .time_critical.mutex_enter_timeout_ms
                0x2000019c       0x90 CMakeFiles/velocidad.dir/C_/Users/ezequ/.pico-sdk/sdk/2.0.0/src/common/pico_sync/mutex.c.obj
                0x2000019c                mutex_enter_timeout_ms
 .time_critical.mutex_exit
                0x2000022c       0x28 CMakeFiles/velocidad.dir/C_/Users/ezequ/.pico-sdk/sdk/2.0.0/src/common/pico_sync/mutex.c.obj
                0x2000022c                mutex_exit
 .time_critical.flash_init_boot2_copyout
                0x20000254       0x30 CMakeFiles/velocidad.dir/C_/Users/ezequ/.pico-sdk/sdk/2.0.0/src/rp2_common/hardware_flash/flash.c.obj
 .time_critical.flash_enable_xip_via_boot2
                0x20000284        0xc CMakeFiles/velocidad.dir/C_/Users/ezequ/.pico-sdk/sdk/2.0.0/src/rp2_common/hardware_flash/flash.c.obj
 .time_critical.flash_cs_force
                0x20000290       0x38 CMakeFiles/velocidad.dir/C_/Users/ezequ/.pico-sdk/sdk/2.0.0/src/rp2_common/hardware_flash/flash.c.obj
 .time_critical.flash_do_cmd
                0x200002c8       0xc0 CMakeFiles/velocidad.dir/C_/Users/ezequ/.pico-sdk/sdk/2.0.0/src/rp2_common/hardware_flash/flash.c.obj
                0x200002c8                flash_do_cmd
 .time_critical.reset_non_control_endpoints
                0x20000388       0x68 CMakeFiles/velocidad.dir/C_/Users/ezequ/.pico-sdk/sdk/2.0.0/lib/tinyusb/src/portable/raspberrypi/rp2040/dcd_rp2040.c.obj
 .time_critical.hw_handle_buff_status
                0x200003f0       0xb0 CMakeFiles/velocidad.dir/C_/Users/ezequ/.pico-sdk/sdk/2.0.0/lib/tinyusb/src/portable/raspberrypi/rp2040/dcd_rp2040.c.obj
 .time_critical.dcd_rp2040_irq
                0x200004a0      0x578 CMakeFiles/velocidad.dir/C_/Users/ezequ/.pico-sdk/sdk/2.0.0/lib/tinyusb/src/portable/raspberrypi/rp2040/dcd_rp2040.c.obj
 .time_critical.prepare_ep_buffer
                0x20000a18       0xe0 CMakeFiles/velocidad.dir/C_/Users/ezequ/.pico-sdk/sdk/2.0.0/lib/tinyusb/src/portable/raspberrypi/rp2040/rp2040_usb.c.obj
 .time_critical.sync_ep_buffer
                0x20000af8       0xa8 CMakeFiles/velocidad.dir/C_/Users/ezequ/.pico-sdk/sdk/2.0.0/lib/tinyusb/src/portable/raspberrypi/rp2040/rp2040_usb.c.obj
 .time_critical._hw_endpoint_xfer_sync
                0x20000ba0       0x28 CMakeFiles/velocidad.dir/C_/Users/ezequ/.pico-sdk/sdk/2.0.0/lib/tinyusb/src/portable/raspberrypi/rp2040/rp2040_usb.c.obj
 .time_critical.e15_is_bulkin_ep
                0x20000bc8       0x28 CMakeFiles/velocidad.dir/C_/Users/ezequ/.pico-sdk/sdk/2.0.0/lib/tinyusb/src/portable/raspberrypi/rp2040/rp2040_usb.c.obj
 .time_critical.e15_is_critical_frame_period
                0x20000bf0       0x34 CMakeFiles/velocidad.dir/C_/Users/ezequ/.pico-sdk/sdk/2.0.0/lib/tinyusb/src/portable/raspberrypi/rp2040/rp2040_usb.c.obj
 .time_critical.hw_endpoint_reset_transfer
                0x20000c24        0xc CMakeFiles/velocidad.dir/C_/Users/ezequ/.pico-sdk/sdk/2.0.0/lib/tinyusb/src/portable/raspberrypi/rp2040/rp2040_usb.c.obj
                0x20000c24                hw_endpoint_reset_transfer
 .time_critical._hw_endpoint_buffer_control_update32
                0x20000c30       0x50 CMakeFiles/velocidad.dir/C_/Users/ezequ/.pico-sdk/sdk/2.0.0/lib/tinyusb/src/portable/raspberrypi/rp2040/rp2040_usb.c.obj
                0x20000c30                _hw_endpoint_buffer_control_update32
 .time_critical.hw_endpoint_start_next_buffer
                0x20000c80       0x6c CMakeFiles/velocidad.dir/C_/Users/ezequ/.pico-sdk/sdk/2.0.0/lib/tinyusb/src/portable/raspberrypi/rp2040/rp2040_usb.c.obj
                0x20000c80                hw_endpoint_start_next_buffer
 .time_critical.hw_endpoint_xfer_continue
                0x20000cec       0x40 CMakeFiles/velocidad.dir/C_/Users/ezequ/.pico-sdk/sdk/2.0.0/lib/tinyusb/src/portable/raspberrypi/rp2040/rp2040_usb.c.obj
                0x20000cec                hw_endpoint_xfer_continue
 .time_critical.tinyusb
                0x20000d2c      0x1e4 CMakeFiles/velocidad.dir/C_/Users/ezequ/.pico-sdk/sdk/2.0.0/lib/tinyusb/src/device/usbd.c.obj
                0x20000d2c                dcd_event_handler
 *(.text*)
 .text          0x20000f10        0x4 C:/Users/ezequ/.pico-sdk/toolchain/13_2_Rel1/bin/../lib/gcc/arm-none-eabi/13.2.1/thumb/v6-m/nofp\libgcc.a(_dvmd_tls.o)
                0x20000f10                __aeabi_idiv0
                0x20000f10                __aeabi_ldiv0
 *fill*         0x20000f14        0x4 
 .text.__stub   0x20000f18       0x80 linker stubs
                0x20000f98                        . = ALIGN (0x4)
 *(.rodata*)
                0x20000f98                        . = ALIGN (0x4)
 *(.data*)
 .data.striped_spin_lock_num
                0x20000f98        0x1 CMakeFiles/velocidad.dir/C_/Users/ezequ/.pico-sdk/sdk/2.0.0/src/rp2_common/hardware_sync/sync.c.obj
 *fill*         0x20000f99        0x3 
 .data          0x20000f9c       0x48 CMakeFiles/velocidad.dir/C_/Users/ezequ/.pico-sdk/sdk/2.0.0/src/rp2_common/hardware_irq/irq_handler_chain.S.obj
                0x20000f9c                irq_handler_chain_slots
                0x20000fcc                irq_handler_chain_first_slot
                0x20000fd6                irq_handler_chain_remove_tail
 .data.default_alarm_pool
                0x20000fe4       0x18 CMakeFiles/velocidad.dir/C_/Users/ezequ/.pico-sdk/sdk/2.0.0/src/common/pico_time/time.c.obj
 *fill*         0x20000ffc        0x4 
 .data.aeabi_bits_funcs
                0x20001000       0x10 CMakeFiles/velocidad.dir/C_/Users/ezequ/.pico-sdk/sdk/2.0.0/src/rp2_common/pico_bit_ops/bit_ops_aeabi.S.obj
                0x20001000                aeabi_bits_funcs
                0x20001010                aeabi_bits_funcs_end
 .data.aeabi_mem_funcs
                0x20001010       0x10 CMakeFiles/velocidad.dir/C_/Users/ezequ/.pico-sdk/sdk/2.0.0/src/rp2_common/pico_mem_ops/mem_ops_aeabi.S.obj
                0x20001010                aeabi_mem_funcs
                0x20001020                aeabi_mem_funcs_end
 .data.stdio_usb
                0x20001020       0x18 CMakeFiles/velocidad.dir/C_/Users/ezequ/.pico-sdk/sdk/2.0.0/src/rp2_common/pico_stdio_usb/stdio_usb.c.obj
                0x20001020                stdio_usb
 .data._usbd_qdef
                0x20001038       0x1c CMakeFiles/velocidad.dir/C_/Users/ezequ/.pico-sdk/sdk/2.0.0/lib/tinyusb/src/device/usbd.c.obj
                0x20001038                _usbd_qdef
 .data._usbd_rhport
                0x20001054        0x1 CMakeFiles/velocidad.dir/C_/Users/ezequ/.pico-sdk/sdk/2.0.0/lib/tinyusb/src/device/usbd.c.obj
                0x20001058                        . = ALIGN (0x4)
 *fill*         0x20001055        0x3 
 *(.after_data.*)
                0x20001058                        . = ALIGN (0x4)
                0x20001058                        PROVIDE (__mutex_array_start = .)
 *(SORT_BY_NAME(.mutex_array.*))
 *(.mutex_array)
 .mutex_array   0x20001058        0x8 CMakeFiles/velocidad.dir/C_/Users/ezequ/.pico-sdk/sdk/2.0.0/src/rp2_common/pico_stdio/stdio.c.obj
                0x20001060                        PROVIDE (__mutex_array_end = .)
                0x20001060                        . = ALIGN (0x4)
 *(.jcr)
                0x20001060                        . = ALIGN (0x4)

.tm_clone_table
                0x20001060        0x0 load address 0x1000828c
 .tm_clone_table
                0x20001060        0x0 C:/Users/ezequ/.pico-sdk/toolchain/13_2_Rel1/bin/../lib/gcc/arm-none-eabi/13.2.1/thumb/v6-m/nofp/crtbegin.o
 .tm_clone_table
                0x20001060        0x0 C:/Users/ezequ/.pico-sdk/toolchain/13_2_Rel1/bin/../lib/gcc/arm-none-eabi/13.2.1/thumb/v6-m/nofp/crtend.o

.igot.plt       0x20001060        0x0 load address 0x1000828c
 .igot.plt      0x20001060        0x0 C:/Users/ezequ/.pico-sdk/toolchain/13_2_Rel1/bin/../lib/gcc/arm-none-eabi/13.2.1/thumb/v6-m/nofp/crtbegin.o

.tdata          0x20001060        0x0 load address 0x1000828c
                0x20001060                        . = ALIGN (0x4)
 *(.tdata .tdata.* .gnu.linkonce.td.*)
                0x20001060                        __tdata_end = .
                0x20001060                        PROVIDE (__data_end__ = .)
                0x100072ec                        __etext = LOADADDR (.data)

.tbss           0x20001060        0x0 load address 0x1000828c
                0x20001060                        . = ALIGN (0x4)
                0x20001060                        __bss_start__ = .
                0x20001060                        __tls_base = .
 *(.tbss .tbss.* .gnu.linkonce.tb.*)
 *(.tcommon)
                0x20001060                        __tls_end = .

.bss            0x20001060     0x1090 load address 0x1000828c
                0x20001060                        . = ALIGN (0x4)
                0x20001060                        __tbss_end = .
 *(SORT_BY_ALIGNMENT(SORT_BY_NAME(.bss*)))
 .bss._vendord_itf
                0x20001060      0x2bc CMakeFiles/velocidad.dir/C_/Users/ezequ/.pico-sdk/sdk/2.0.0/lib/tinyusb/src/class/vendor/vendor_device.c.obj
 *fill*         0x2000131c        0x4 
 .bss.default_alarm_pool_entries
                0x20001320      0x180 CMakeFiles/velocidad.dir/C_/Users/ezequ/.pico-sdk/sdk/2.0.0/src/common/pico_time/time.c.obj
 .bss.last_avail_time.1
                0x200014a0        0x8 CMakeFiles/velocidad.dir/C_/Users/ezequ/.pico-sdk/sdk/2.0.0/src/rp2_common/pico_stdio_usb/stdio_usb.c.obj
 .bss.sd_table  0x200014a8      0x100 CMakeFiles/velocidad.dir/C_/Users/ezequ/.pico-sdk/sdk/2.0.0/src/rp2_common/pico_double/double_init_rom_rp2040.c.obj
                0x200014a8                sd_table
 .bss._app_driver
                0x200015a8        0x4 CMakeFiles/velocidad.dir/C_/Users/ezequ/.pico-sdk/sdk/2.0.0/lib/tinyusb/src/device/usbd.c.obj
 .bss._cdcd_fifo_cfg
                0x200015ac        0x1 CMakeFiles/velocidad.dir/C_/Users/ezequ/.pico-sdk/sdk/2.0.0/lib/tinyusb/src/class/cdc/cdc_device.c.obj
 *fill*         0x200015ad        0x3 
 .bss._cdcd_itf
                0x200015b0      0x2c8 CMakeFiles/velocidad.dir/C_/Users/ezequ/.pico-sdk/sdk/2.0.0/lib/tinyusb/src/class/cdc/cdc_device.c.obj
 .bss._ctrl_xfer
                0x20001878       0x14 CMakeFiles/velocidad.dir/C_/Users/ezequ/.pico-sdk/sdk/2.0.0/lib/tinyusb/src/device/usbd_control.c.obj
 .bss._ubsd_mutexdef
                0x2000188c        0x8 CMakeFiles/velocidad.dir/C_/Users/ezequ/.pico-sdk/sdk/2.0.0/lib/tinyusb/src/device/usbd.c.obj
 .bss._usbd_ctrl_buf
                0x20001894       0x40 CMakeFiles/velocidad.dir/C_/Users/ezequ/.pico-sdk/sdk/2.0.0/lib/tinyusb/src/device/usbd_control.c.obj
 .bss._usbd_dev
                0x200018d4       0x54 CMakeFiles/velocidad.dir/C_/Users/ezequ/.pico-sdk/sdk/2.0.0/lib/tinyusb/src/device/usbd.c.obj
 .bss._usbd_mutex
                0x20001928        0x4 CMakeFiles/velocidad.dir/C_/Users/ezequ/.pico-sdk/sdk/2.0.0/lib/tinyusb/src/device/usbd.c.obj
 .bss._usbd_q   0x2000192c        0x4 CMakeFiles/velocidad.dir/C_/Users/ezequ/.pico-sdk/sdk/2.0.0/lib/tinyusb/src/device/usbd.c.obj
 .bss._usbd_qdef_buf
                0x20001930       0xc0 CMakeFiles/velocidad.dir/C_/Users/ezequ/.pico-sdk/sdk/2.0.0/lib/tinyusb/src/device/usbd.c.obj
                0x20001930                _usbd_qdef_buf
 .bss.boot2_copyout
                0x200019f0      0x100 CMakeFiles/velocidad.dir/C_/Users/ezequ/.pico-sdk/sdk/2.0.0/src/rp2_common/hardware_flash/flash.c.obj
 .bss.callbacks
                0x20001af0        0x8 CMakeFiles/velocidad.dir/C_/Users/ezequ/.pico-sdk/sdk/2.0.0/src/rp2_common/hardware_gpio/gpio.c.obj
 .bss.chars_available_callback
                0x20001af8        0x4 CMakeFiles/velocidad.dir/C_/Users/ezequ/.pico-sdk/sdk/2.0.0/src/rp2_common/pico_stdio_usb/stdio_usb.c.obj
 .bss.chars_available_param
                0x20001afc        0x4 CMakeFiles/velocidad.dir/C_/Users/ezequ/.pico-sdk/sdk/2.0.0/src/rp2_common/pico_stdio_usb/stdio_usb.c.obj
 .bss.claimed   0x20001b00        0x4 CMakeFiles/velocidad.dir/C_/Users/ezequ/.pico-sdk/sdk/2.0.0/src/rp2_common/hardware_sync/sync.c.obj
 .bss.claimed   0x20001b04        0x1 CMakeFiles/velocidad.dir/C_/Users/ezequ/.pico-sdk/sdk/2.0.0/src/rp2_common/hardware_timer/timer.c.obj
 *fill*         0x20001b05        0x3 
 .bss.configured_freq
                0x20001b08       0x28 CMakeFiles/velocidad.dir/C_/Users/ezequ/.pico-sdk/sdk/2.0.0/src/rp2_common/hardware_clocks/clocks.c.obj
 .bss.current_duty_cycle
                0x20001b30        0x4 CMakeFiles/velocidad.dir/velocidad.c.obj
                0x20001b30                current_duty_cycle
 .bss.desc_str.0
                0x20001b34       0x28 CMakeFiles/velocidad.dir/C_/Users/ezequ/.pico-sdk/sdk/2.0.0/src/rp2_common/pico_stdio_usb/stdio_usb_descriptors.c.obj
 .bss.drivers   0x20001b5c        0x4 CMakeFiles/velocidad.dir/C_/Users/ezequ/.pico-sdk/sdk/2.0.0/src/rp2_common/pico_stdio/stdio.c.obj
 .bss.e15_last_sof
                0x20001b60        0x4 CMakeFiles/velocidad.dir/C_/Users/ezequ/.pico-sdk/sdk/2.0.0/lib/tinyusb/src/portable/raspberrypi/rp2040/rp2040_usb.c.obj
                0x20001b60                e15_last_sof
 .bss.filter    0x20001b64        0x4 CMakeFiles/velocidad.dir/C_/Users/ezequ/.pico-sdk/sdk/2.0.0/src/rp2_common/pico_stdio/stdio.c.obj
 .bss.hw_endpoints
                0x20001b68      0x400 CMakeFiles/velocidad.dir/C_/Users/ezequ/.pico-sdk/sdk/2.0.0/lib/tinyusb/src/portable/raspberrypi/rp2040/dcd_rp2040.c.obj
 .bss.last_pot_value
                0x20001f68        0x4 CMakeFiles/velocidad.dir/velocidad.c.obj
                0x20001f68                last_pot_value
 .bss.last_pulse_time
                0x20001f6c        0x4 CMakeFiles/velocidad.dir/velocidad.c.obj
                0x20001f6c                last_pulse_time
 .bss.lazy_vsnprintf
                0x20001f70        0x4 CMakeFiles/velocidad.dir/C_/Users/ezequ/.pico-sdk/sdk/2.0.0/src/rp2_common/pico_printf/printf.c.obj
 .bss.load_value
                0x20001f74        0x4 CMakeFiles/velocidad.dir/C_/Users/ezequ/.pico-sdk/sdk/2.0.0/src/rp2_common/hardware_watchdog/watchdog.c.obj
 .bss.next_buffer_ptr
                0x20001f78        0x4 CMakeFiles/velocidad.dir/C_/Users/ezequ/.pico-sdk/sdk/2.0.0/lib/tinyusb/src/portable/raspberrypi/rp2040/dcd_rp2040.c.obj
 .bss.object.0  0x20001f7c       0x18 C:/Users/ezequ/.pico-sdk/toolchain/13_2_Rel1/bin/../lib/gcc/arm-none-eabi/13.2.1/thumb/v6-m/nofp/crtbegin.o
 .bss.one_shot_timer_crit_sec
                0x20001f94        0x8 CMakeFiles/velocidad.dir/C_/Users/ezequ/.pico-sdk/sdk/2.0.0/src/rp2_common/pico_stdio_usb/stdio_usb.c.obj
 .bss.pools     0x20001f9c       0x10 CMakeFiles/velocidad.dir/C_/Users/ezequ/.pico-sdk/sdk/2.0.0/src/common/pico_time/time.c.obj
 .bss.pulse_count
                0x20001fac        0x4 CMakeFiles/velocidad.dir/velocidad.c.obj
                0x20001fac                pulse_count
 .bss.raw_irq_mask
                0x20001fb0        0x8 CMakeFiles/velocidad.dir/C_/Users/ezequ/.pico-sdk/sdk/2.0.0/src/rp2_common/hardware_gpio/gpio.c.obj
 .bss.retrieved_id
                0x20001fb8        0x8 CMakeFiles/velocidad.dir/C_/Users/ezequ/.pico-sdk/sdk/2.0.0/src/rp2_common/pico_unique_id/unique_id.c.obj
 .bss.sf_clz_func
                0x20001fc0        0x4 CMakeFiles/velocidad.dir/C_/Users/ezequ/.pico-sdk/sdk/2.0.0/src/rp2_common/pico_double/double_init_rom_rp2040.c.obj
                0x20001fc0                sf_clz_func
 .bss.sf_table  0x20001fc4      0x100 CMakeFiles/velocidad.dir/C_/Users/ezequ/.pico-sdk/sdk/2.0.0/src/rp2_common/pico_float/float_init_rom_rp2040.c.obj
                0x20001fc4                sf_table
 .bss.sleep_notifier
                0x200020c4        0x4 CMakeFiles/velocidad.dir/C_/Users/ezequ/.pico-sdk/sdk/2.0.0/src/common/pico_time/time.c.obj
 .bss.speed     0x200020c8        0x4 CMakeFiles/velocidad.dir/velocidad.c.obj
                0x200020c8                speed
 .bss.stdio_usb_mutex
                0x200020cc        0x8 CMakeFiles/velocidad.dir/C_/Users/ezequ/.pico-sdk/sdk/2.0.0/src/rp2_common/pico_stdio_usb/stdio_usb.c.obj
 .bss.usbd_serial_str
                0x200020d4       0x11 CMakeFiles/velocidad.dir/C_/Users/ezequ/.pico-sdk/sdk/2.0.0/src/rp2_common/pico_stdio_usb/stdio_usb_descriptors.c.obj
 .bss._app_driver_count
                0x200020e5        0x1 CMakeFiles/velocidad.dir/C_/Users/ezequ/.pico-sdk/sdk/2.0.0/lib/tinyusb/src/device/usbd.c.obj
 .bss._sof_enable
                0x200020e6        0x1 CMakeFiles/velocidad.dir/C_/Users/ezequ/.pico-sdk/sdk/2.0.0/lib/tinyusb/src/portable/raspberrypi/rp2040/dcd_rp2040.c.obj
 .bss._usbd_queued_setup
                0x200020e7        0x1 CMakeFiles/velocidad.dir/C_/Users/ezequ/.pico-sdk/sdk/2.0.0/lib/tinyusb/src/device/usbd.c.obj
 .bss.boot2_copyout_valid
                0x200020e8        0x1 CMakeFiles/velocidad.dir/C_/Users/ezequ/.pico-sdk/sdk/2.0.0/src/rp2_common/hardware_flash/flash.c.obj
 .bss.cruise_control_active
                0x200020e9        0x1 CMakeFiles/velocidad.dir/velocidad.c.obj
                0x200020e9                cruise_control_active
 .bss.irq_handler_chain_free_slot_head
                0x200020ea        0x1 CMakeFiles/velocidad.dir/C_/Users/ezequ/.pico-sdk/sdk/2.0.0/src/rp2_common/hardware_irq/irq.c.obj
 .bss.itf_num   0x200020eb        0x1 CMakeFiles/velocidad.dir/C_/Users/ezequ/.pico-sdk/sdk/2.0.0/src/rp2_common/pico_stdio_usb/reset_interface.c.obj
 .bss.low_priority_irq_num
                0x200020ec        0x1 CMakeFiles/velocidad.dir/C_/Users/ezequ/.pico-sdk/sdk/2.0.0/src/rp2_common/pico_stdio_usb/stdio_usb.c.obj
 .bss.one_shot_timer_pending
                0x200020ed        0x1 CMakeFiles/velocidad.dir/C_/Users/ezequ/.pico-sdk/sdk/2.0.0/src/rp2_common/pico_stdio_usb/stdio_usb.c.obj
 .bss.user_irq_claimed
                0x200020ee        0x1 CMakeFiles/velocidad.dir/C_/Users/ezequ/.pico-sdk/sdk/2.0.0/src/rp2_common/hardware_irq/irq.c.obj
 *(COMMON)
                0x200020f0                        . = ALIGN (0x4)
 *fill*         0x200020ef        0x1 
                0x200020f0                        __bss_end__ = .

.heap           0x200020f0    0x3df10 load address 0x1000828c
                0x200020f0                        __end__ = .
                0x200020f0                        end = __end__
 *(.heap*)
 .heap          0x200020f0      0x800 CMakeFiles/velocidad.dir/C_/Users/ezequ/.pico-sdk/sdk/2.0.0/src/rp2_common/pico_crt0/crt0.S.obj
                0x20040000                        . = (ORIGIN (RAM) + LENGTH (RAM))
 *fill*         0x200028f0    0x3d710 
                0x20040000                        __HeapLimit = .

.scratch_x      0x20040000        0x0 load address 0x1000828c
                0x20040000                        __scratch_x_start__ = .
 *(.scratch_x.*)
                0x20040000                        . = ALIGN (0x4)
                0x20040000                        __scratch_x_end__ = .
                0x1000828c                        __scratch_x_source__ = LOADADDR (.scratch_x)

.scratch_y      0x20041000        0x0 load address 0x1000828c
                0x20041000                        __scratch_y_start__ = .
 *(.scratch_y.*)
                0x20041000                        . = ALIGN (0x4)
                0x20041000                        __scratch_y_end__ = .
                0x1000828c                        __scratch_y_source__ = LOADADDR (.scratch_y)

.stack1_dummy
 *(.stack1*)

.stack_dummy    0x20041000      0x800
 *(.stack*)
 .stack         0x20041000      0x800 CMakeFiles/velocidad.dir/C_/Users/ezequ/.pico-sdk/sdk/2.0.0/src/rp2_common/pico_crt0/crt0.S.obj

.flash_end      0x1000828c        0x0
 *(.embedded_end_block*)
                0x1000828c                        PROVIDE (__flash_binary_end = .)
                0x20040000                        __StackLimit = (ORIGIN (RAM) + LENGTH (RAM))
                0x20041000                        __StackOneTop = (ORIGIN (SCRATCH_X) + LENGTH (SCRATCH_X))
                0x20042000                        __StackTop = (ORIGIN (SCRATCH_Y) + LENGTH (SCRATCH_Y))
                0x20041000                        __StackOneBottom = (__StackOneTop - SIZEOF (.stack1_dummy))
                0x20041800                        __StackBottom = (__StackTop - SIZEOF (.stack_dummy))
                0x20042000                        PROVIDE (__stack = __StackTop)
                [!provide]                        PROVIDE (__heap_start = __end__)
                [!provide]                        PROVIDE (__heap_end = __HeapLimit)
                [!provide]                        PROVIDE (__tls_align = MAX (ALIGNOF (.tdata), ALIGNOF (.tbss)))
                [!provide]                        PROVIDE (__tls_size_align = (((__tls_size + __tls_align) - 0x1) & ~ ((__tls_align - 0x1))))
                [!provide]                        PROVIDE (__arm32_tls_tcb_offset = MAX (0x8, __tls_align))
                [!provide]                        PROVIDE (_end = __end__)
                [!provide]                        PROVIDE (__llvm_libc_heap_limit = __HeapLimit)
                0x00000001                        ASSERT ((__StackLimit >= __HeapLimit), region RAM overflowed)
                0x00000001                        ASSERT (((__binary_info_header_end - __logical_binary_start) <= 0x100), Binary info must be in first 256 bytes of the binary)
LOAD CMakeFiles/velocidad.dir/velocidad.c.obj
LOAD CMakeFiles/velocidad.dir/C_/Users/ezequ/.pico-sdk/sdk/2.0.0/src/rp2_common/pico_stdlib/stdlib.c.obj
LOAD CMakeFiles/velocidad.dir/C_/Users/ezequ/.pico-sdk/sdk/2.0.0/src/rp2_common/hardware_gpio/gpio.c.obj
LOAD CMakeFiles/velocidad.dir/C_/Users/ezequ/.pico-sdk/sdk/2.0.0/src/rp2040/pico_platform/platform.c.obj
LOAD CMakeFiles/velocidad.dir/C_/Users/ezequ/.pico-sdk/sdk/2.0.0/src/rp2_common/pico_platform_panic/panic.c.obj
LOAD CMakeFiles/velocidad.dir/C_/Users/ezequ/.pico-sdk/sdk/2.0.0/src/common/hardware_claim/claim.c.obj
LOAD CMakeFiles/velocidad.dir/C_/Users/ezequ/.pico-sdk/sdk/2.0.0/src/rp2_common/hardware_sync/sync.c.obj
LOAD CMakeFiles/velocidad.dir/C_/Users/ezequ/.pico-sdk/sdk/2.0.0/src/rp2_common/hardware_sync_spin_lock/sync_spin_lock.c.obj
LOAD CMakeFiles/velocidad.dir/C_/Users/ezequ/.pico-sdk/sdk/2.0.0/src/rp2_common/hardware_irq/irq.c.obj
LOAD CMakeFiles/velocidad.dir/C_/Users/ezequ/.pico-sdk/sdk/2.0.0/src/rp2_common/hardware_irq/irq_handler_chain.S.obj
LOAD CMakeFiles/velocidad.dir/C_/Users/ezequ/.pico-sdk/sdk/2.0.0/src/common/pico_sync/sem.c.obj
LOAD CMakeFiles/velocidad.dir/C_/Users/ezequ/.pico-sdk/sdk/2.0.0/src/common/pico_sync/lock_core.c.obj
LOAD CMakeFiles/velocidad.dir/C_/Users/ezequ/.pico-sdk/sdk/2.0.0/src/common/pico_sync/mutex.c.obj
LOAD CMakeFiles/velocidad.dir/C_/Users/ezequ/.pico-sdk/sdk/2.0.0/src/common/pico_sync/critical_section.c.obj
LOAD CMakeFiles/velocidad.dir/C_/Users/ezequ/.pico-sdk/sdk/2.0.0/src/common/pico_time/time.c.obj
LOAD CMakeFiles/velocidad.dir/C_/Users/ezequ/.pico-sdk/sdk/2.0.0/src/common/pico_time/timeout_helper.c.obj
LOAD CMakeFiles/velocidad.dir/C_/Users/ezequ/.pico-sdk/sdk/2.0.0/src/rp2_common/hardware_timer/timer.c.obj
LOAD CMakeFiles/velocidad.dir/C_/Users/ezequ/.pico-sdk/sdk/2.0.0/src/common/pico_util/datetime.c.obj
LOAD CMakeFiles/velocidad.dir/C_/Users/ezequ/.pico-sdk/sdk/2.0.0/src/common/pico_util/pheap.c.obj
LOAD CMakeFiles/velocidad.dir/C_/Users/ezequ/.pico-sdk/sdk/2.0.0/src/common/pico_util/queue.c.obj
LOAD CMakeFiles/velocidad.dir/C_/Users/ezequ/.pico-sdk/sdk/2.0.0/src/rp2_common/hardware_uart/uart.c.obj
LOAD CMakeFiles/velocidad.dir/C_/Users/ezequ/.pico-sdk/sdk/2.0.0/src/rp2_common/hardware_clocks/clocks.c.obj